=== baseline probe, proprietary nvidia-drm 615.71.09, GA106 (RTX 3060) 2026-09-21T12:49:26-03:00 ===
kernel 7.0.10+deb14-amd64; driver: nvidia-drm (modeset=Y); connector card1/HDMI-A-2 = second HDMI input of KDL-46HX855, input selected on the TV (HPD live)
status: connected, edid bytes: 256
comparison sets on the same sink: nouveau 51 modes/29 stereo, amdgpu+v3 51/29, amdgpu stock 22/0

probe: /dev/dri/card1 connector HDMI-A-2

without caps:
  modes on HDMI-A-2: 17 total, 0 stereo

with STEREO_3D:
  drmSetClientCap(STEREO_3D, 1) -> 0 (accepted)
  modes on HDMI-A-2: 17 total, 0 stereo

with ASPECT_RATIO:
  drmSetClientCap(ASPECT_RATIO, 1) -> 0 (accepted)
    HDMI-A-2       1920x1080 @ 60 Hz clk=148500 flags=0x000005 
    HDMI-A-2       1920x1080 @ 60 Hz clk=148350 flags=0x000005 
    HDMI-A-2       1920x1080 @ 50 Hz clk=148500 flags=0x000005 
    HDMI-A-2       1920x1080 @ 30 Hz clk= 74180 flags=0x000005 
    HDMI-A-2       1920x1080 @ 24 Hz clk= 74180 flags=0x000005 
    HDMI-A-2       1280x1024 @ 60 Hz clk=108000 flags=0x000005 
    HDMI-A-2       1280x720  @ 60 Hz clk= 74250 flags=0x000005 
    HDMI-A-2       1280x720  @ 60 Hz clk= 74180 flags=0x000005 
    HDMI-A-2       1280x720  @ 50 Hz clk= 74250 flags=0x000005 
    HDMI-A-2       1280x720  @ 30 Hz clk= 74180 flags=0x000006 
    HDMI-A-2       1280x720  @ 24 Hz clk= 59340 flags=0x000005 
    HDMI-A-2       1024x768  @ 60 Hz clk= 65000 flags=0x00000a 
    HDMI-A-2        800x600  @ 60 Hz clk= 40000 flags=0x000005 
    HDMI-A-2        720x576  @ 50 Hz clk= 27000 flags=0x00000a 
    HDMI-A-2        720x480  @ 60 Hz clk= 27000 flags=0x00000a 
    HDMI-A-2        640x480  @ 60 Hz clk= 25175 flags=0x00000a 
    HDMI-A-2        640x480  @ 60 Hz clk= 25170 flags=0x00000a 
  modes on HDMI-A-2: 17 total, 0 stereo

with STEREO_3D|ASPECT_RATIO:
  drmSetClientCap(STEREO_3D, 1) -> 0 (accepted)
  drmSetClientCap(ASPECT_RATIO, 1) -> 0 (accepted)
    HDMI-A-2       1920x1080 @ 60 Hz clk=148500 flags=0x000005 
    HDMI-A-2       1920x1080 @ 60 Hz clk=148350 flags=0x000005 
    HDMI-A-2       1920x1080 @ 50 Hz clk=148500 flags=0x000005 
    HDMI-A-2       1920x1080 @ 30 Hz clk= 74180 flags=0x000005 
    HDMI-A-2       1920x1080 @ 24 Hz clk= 74180 flags=0x000005 
    HDMI-A-2       1280x1024 @ 60 Hz clk=108000 flags=0x000005 
    HDMI-A-2       1280x720  @ 60 Hz clk= 74250 flags=0x000005 
    HDMI-A-2       1280x720  @ 60 Hz clk= 74180 flags=0x000005 
    HDMI-A-2       1280x720  @ 50 Hz clk= 74250 flags=0x000005 
    HDMI-A-2       1280x720  @ 30 Hz clk= 74180 flags=0x000006 
    HDMI-A-2       1280x720  @ 24 Hz clk= 59340 flags=0x000005 
    HDMI-A-2       1024x768  @ 60 Hz clk= 65000 flags=0x00000a 
    HDMI-A-2        800x600  @ 60 Hz clk= 40000 flags=0x000005 
    HDMI-A-2        720x576  @ 50 Hz clk= 27000 flags=0x00000a 
    HDMI-A-2        720x480  @ 60 Hz clk= 27000 flags=0x00000a 
    HDMI-A-2        640x480  @ 60 Hz clk= 25175 flags=0x00000a 
    HDMI-A-2        640x480  @ 60 Hz clk= 25170 flags=0x00000a 
  modes on HDMI-A-2: 17 total, 0 stereo

verdict: no stereo modes appeared even with the capability set
(counts: none=17 stereo=17 aspect=17 both=17)
