# run28 (2026-09-22 18:31-18:36 -03): nouveau output-format follow-up, one driver swap, 9 steps.
# Module: /K3D/temp/k317/nouveau-hdmi-chroma-bench-experimental-v2.ko sha256 a37e0be08920f1335e2bb1646205fa109bf0049bf6d2951b749a246ecb090698
#   = run27's module + frame-packing link rate fix (nv50_hdmi_char_rate).
# Owner-verbatim: "all green partner!"
# Driver lines confirm: FP rates 222750 kHz (RGB/YUV444 12-bit) and 148500 kHz (YUV422), no longer
#   the per-eye 74250; BT.601 (csc=1) at 576p/480p, BT.709 (csc=2) at 720p; RGB automatic = limited
#   on 576p; 640x480 (VIC 1) held at 8 bpc despite a 12-bpc request; SBS label steady (tool fix).
=== nouveau-test 2026-09-22T18:31:53-03:00 layout=chroma2 ===
nouveau module: /K3D/temp/k317/nouveau-hdmi-chroma-bench-experimental-v2.ko
nouveau sha256: a37e0be08920f1335e2bb1646205fa109bf0049bf6d2951b749a246ecb090698
vermagic gate passed: 7.0.10+deb14-amd64
nvidia_uvm refcount=4 before docker pause
--- pausing 5 docker containers for the test window:
n8n (9782eff5cab7)
watchtower (eb13a26eb779)
browserless (a03261ee84b7)
open-webui (9372e29cf766)
qdrant (0a30636c55d8)
9782eff5cab7
eb13a26eb779
a03261ee84b7
9372e29cf766
0a30636c55d8
--- docker stack down (boot-time restore safety net enabled)
nvidia_uvm refcount: 0 -- gate passed
autoload guard installed: /run/modprobe.d/zz-nouveau-stereo-test.conf
stopped nvidia-persistenced
stopped coolercontrold
stopped netdata
cards free after 0s
vtcon1 unbound
vtcon0 unbound
nouveau: not loaded, skip
nvidia_fs: not loaded, skip
removed nvidia_drm
removed nvidia_uvm
nvidia_modeset: not loaded, skip
nvidia: not loaded, skip
--- nvidia-family modules present (guard should keep this empty):
none -- guard holding
--- loading nouveau (GSP init on GA106 can take ~10s) ---
card1 reappeared after 0s under: DRIVER=nouveau
--- connectors on card1:
card1-DP-2
card1-DP-3
card1-DP-4
card1-HDMI-A-2
card1 HDMI-A-2 EDID sha256: 4f6cc1c8b7ce1700f93ef13c76c490ea985752edadd05c64179ae169e69d5dc9
--- nouveau connector/property inventory:
opened device `nVidia Riva/TNT/GeForce/Quadro/Tesla/Tegra K1+` on driver `nouveau` (version 1.4.2 at 0)
Connectors:
id	encoder	status		name		size (mm)	modes	encoders
43	47	connected	HDMI-A-2       	1020x570		22	47
  modes:
	index name refresh (Hz) hdisp hss hse htot vdisp vss vse vtot
  #0 1920x1080 60.00 1920 2008 2052 2200 1080 1084 1089 1125 148500 flags: phsync, pvsync; type: preferred, driver
  #1 1920x1080 59.94 1920 2008 2052 2200 1080 1084 1089 1125 148352 flags: phsync, pvsync; type: driver
  #2 1920x1080 50.00 1920 2448 2492 2640 1080 1084 1089 1125 148500 flags: phsync, pvsync; type: driver
  #3 1920x1080 30.00 1920 2008 2052 2200 1080 1084 1089 1125 74250 flags: phsync, pvsync; type: driver
  #4 1920x1080 29.97 1920 2008 2052 2200 1080 1084 1089 1125 74176 flags: phsync, pvsync; type: driver
  #5 1920x1080 24.00 1920 2558 2602 2750 1080 1084 1089 1125 74250 flags: phsync, pvsync; type: driver
  #6 1920x1080 23.98 1920 2558 2602 2750 1080 1084 1089 1125 74176 flags: phsync, pvsync; type: driver
  #7 1280x1024 60.02 1280 1328 1440 1688 1024 1025 1028 1066 108000 flags: phsync, pvsync; type: driver
  #8 1280x720 60.00 1280 1390 1430 1650 720 725 730 750 74250 flags: phsync, pvsync; type: driver
  #9 1280x720 59.94 1280 1390 1430 1650 720 725 730 750 74176 flags: phsync, pvsync; type: driver
  #10 1280x720 50.00 1280 1720 1760 1980 720 725 730 750 74250 flags: phsync, pvsync; type: driver
  #11 1280x720 30.00 1280 3040 3080 3300 720 725 730 750 74250 flags: phsync, pvsync; type: driver
  #12 1280x720 29.97 1280 3040 3080 3300 720 725 730 750 74176 flags: phsync, pvsync; type: driver
  #13 1280x720 24.00 1280 3040 3080 3300 720 725 730 750 59400 flags: phsync, pvsync; type: driver
  #14 1280x720 23.98 1280 3040 3080 3300 720 725 730 750 59341 flags: phsync, pvsync; type: driver
  #15 1024x768 60.00 1024 1048 1184 1344 768 771 777 806 65000 flags: nhsync, nvsync; type: driver
  #16 800x600 60.32 800 840 968 1056 600 601 605 628 40000 flags: phsync, pvsync; type: driver
  #17 720x576 50.00 720 732 796 864 576 581 586 625 27000 flags: nhsync, nvsync; type: driver
  #18 720x480 60.00 720 736 798 858 480 489 495 525 27027 flags: nhsync, nvsync; type: driver
  #19 720x480 59.94 720 736 798 858 480 489 495 525 27000 flags: nhsync, nvsync; type: driver
  #20 640x480 60.00 640 656 752 800 480 490 492 525 25200 flags: nhsync, nvsync; type: driver
  #21 640x480 59.94 640 656 752 800 480 490 492 525 25175 flags: nhsync, nvsync; type: driver
  props:
	1 EDID:
		flags: immutable blob
		blobs:

		value:
			00ffffffffffff004dd9027401010101
			01160103806639780a0dc9a057479827
			12484c21080081800101010101010101
			010101010101023a801871382d40582c
			4500fa3d3200001e011d007251d01e20
			6e285500fa3d3200001e000000fc0053
			4f4e592054560a2020202020000000fd
			00303e0e460f000a202020202020010c
			02033bf0531f101405130420223c3e12
			16030711150206012609070715075083
			01000074030c003000b82d2fd00a0140
			007f203070809076e200fb023a80d072
			382d40102c4580fa3d3200001e011d00
			bc52d01e20b8285540fa3d3200001e01
			1d80d0721c1620102c2580fa3d320000
			9e0000000000000000000000000000d5
	2 DPMS:
		flags: enum
		enums: On=0 Standby=1 Suspend=2 Off=3
		value: 0
	5 link-status:
		flags: enum
		enums: Good=0 Bad=1
		value: 0
	6 non-desktop:
		flags: immutable range
		values: 0 1
		value: 0
	4 TILE:
		flags: immutable blob
		blobs:

		value:
	44 max bpc:
		flags: range
		values: 8 12
		value: 0
	45 Broadcast RGB:
		flags: enum
		enums: Automatic=0 Full=1 Limited 16:235=2
		value: 0
	46 color format:
		flags: enum
		enums: AUTO=0 RGB=1 YUV 4:4:4=2 YUV 4:2:2=3
		value: 0
	38 underscan:
		flags: enum
		enums: auto=2 off=0 on=1
		value: 0
	39 underscan hborder:
		flags: range
		values: 0 128
		value: 0
	40 underscan vborder:
		flags: range
		values: 0 128
		value: 0
	41 vibrant hue:
		flags: range
		values: 0 180
		value: 90
	42 color vibrance:
		flags: range
		values: 0 200
		value: 150
	33 scaling mode:
		flags: enum
		enums: None=0 Full=1 Center=2 Full aspect=3
		value: 0
	36 dithering mode:
		flags: enum
		enums: auto=34 off=0 static 2x2=25 dynamic 2x2=17 temporal=33
		value: 34
	37 dithering depth:
		flags: enum
		enums: auto=3 6 bpc=0 8 bpc=2
		value: 3
48	0	disconnected	DP-2           	0x0		0	49, 50
  props:
	1 EDID:
		flags: immutable blob
		blobs:

		value:
	2 DPMS:
		flags: enum
		enums: On=0 Standby=1 Suspend=2 Off=3
		value: 0
	5 link-status:
		flags: enum
		enums: Good=0 Bad=1
		value: 0
	6 non-desktop:
		flags: immutable range
		values: 0 1
		value: 0
	4 TILE:
		flags: immutable blob
		blobs:

		value:
	38 underscan:
		flags: enum
		enums: auto=2 off=0 on=1
		value: 0
	39 underscan hborder:
		flags: range
		values: 0 128
		value: 0
	40 underscan vborder:
		flags: range
		values: 0 128
		value: 0
	41 vibrant hue:
		flags: range
		values: 0 180
		value: 90
	42 color vibrance:
		flags: range
		values: 0 200
		value: 150
	33 scaling mode:
		flags: enum
		enums: None=0 Full=1 Center=2 Full aspect=3
		value: 0
	36 dithering mode:
		flags: enum
		enums: auto=34 off=0 static 2x2=25 dynamic 2x2=17 temporal=33
		value: 34
	37 dithering depth:
		flags: enum
		enums: auto=3 6 bpc=0 8 bpc=2
		value: 3
51	0	disconnected	DP-3           	0x0		0	52, 53
  props:
	1 EDID:
		flags: immutable blob
		blobs:

		value:
	2 DPMS:
		flags: enum
		enums: On=0 Standby=1 Suspend=2 Off=3
		value: 0
	5 link-status:
		flags: enum
		enums: Good=0 Bad=1
		value: 0
	6 non-desktop:
		flags: immutable range
		values: 0 1
		value: 0
	4 TILE:
		flags: immutable blob
		blobs:

		value:
	38 underscan:
		flags: enum
		enums: auto=2 off=0 on=1
		value: 0
	39 underscan hborder:
		flags: range
		values: 0 128
		value: 0
	40 underscan vborder:
		flags: range
		values: 0 128
		value: 0
	41 vibrant hue:
		flags: range
		values: 0 180
		value: 90
	42 color vibrance:
		flags: range
		values: 0 200
		value: 150
	33 scaling mode:
		flags: enum
		enums: None=0 Full=1 Center=2 Full aspect=3
		value: 0
	36 dithering mode:
		flags: enum
		enums: auto=34 off=0 static 2x2=25 dynamic 2x2=17 temporal=33
		value: 34
	37 dithering depth:
		flags: enum
		enums: auto=3 6 bpc=0 8 bpc=2
		value: 3
54	0	disconnected	DP-4           	0x0		0	55, 56
  props:
	1 EDID:
		flags: immutable blob
		blobs:

		value:
	2 DPMS:
		flags: enum
		enums: On=0 Standby=1 Suspend=2 Off=3
		value: 0
	5 link-status:
		flags: enum
		enums: Good=0 Bad=1
		value: 0
	6 non-desktop:
		flags: immutable range
		values: 0 1
		value: 0
	4 TILE:
		flags: immutable blob
		blobs:

		value:
	38 underscan:
		flags: enum
		enums: auto=2 off=0 on=1
		value: 0
	39 underscan hborder:
		flags: range
		values: 0 128
		value: 0
	40 underscan vborder:
		flags: range
		values: 0 128
		value: 0
	41 vibrant hue:
		flags: range
		values: 0 180
		value: 90
	42 color vibrance:
		flags: range
		values: 0 200
		value: 150
	33 scaling mode:
		flags: enum
		enums: None=0 Full=1 Center=2 Full aspect=3
		value: 0
	36 dithering mode:
		flags: enum
		enums: auto=34 off=0 static 2x2=25 dynamic 2x2=17 temporal=33
		value: 34
	37 dithering depth:
		flags: enum
		enums: auto=3 6 bpc=0 8 bpc=2
		value: 3

chosen connector: HDMI-A-2
--- requesting chroma2 for 90s on card1 HDMI-A-2
    (Daniel: read the TV OSD: bit depth, colour format, and 3D state where applicable)
    (the image itself names the run in big yellow text near the top)
--- chroma step: fp bpc12 fmt=rgbfull (30s)
stereo mode: 1920x1080  1920x1080 @60 top-and-bottom
stereo mode: 1920x1080  1920x1080 @60 side-by-side half
stereo mode: 1920x1080  1920x1080 @60 top-and-bottom
stereo mode: 1920x1080  1920x1080 @60 side-by-side half
stereo mode: 1920x1080  1920x1080 @50 top-and-bottom
stereo mode: 1920x1080  1920x1080 @50 side-by-side half
stereo mode: 1920x1080  1920x1080 @30 frame packing
stereo mode: 1920x1080  1920x1080 @30 top-and-bottom
stereo mode: 1920x1080  1920x1080 @30 frame packing
stereo mode: 1920x1080  1920x1080 @30 top-and-bottom
stereo mode: 1920x1080  1920x1080 @24 top-and-bottom
stereo mode: 1920x1080  1920x1080 @24 frame packing
stereo mode: 1920x1080  1920x1080 @24 side-by-side half
stereo mode: 1920x1080  1920x1080 @24 top-and-bottom
stereo mode: 1920x1080  1920x1080 @24 frame packing
stereo mode: 1920x1080  1920x1080 @24 side-by-side half
stereo mode: 1280x720   1280x720 @60 top-and-bottom
stereo mode: 1280x720   1280x720 @60 frame packing
stereo mode: 1280x720   1280x720 @60 top-and-bottom
stereo mode: 1280x720   1280x720 @60 frame packing
stereo mode: 1280x720   1280x720 @60 side-by-side half
stereo mode: 1280x720   1280x720 @60 top-and-bottom
stereo mode: 1280x720   1280x720 @60 frame packing
stereo mode: 1280x720   1280x720 @60 side-by-side half
stereo mode: 1280x720   1280x720 @50 top-and-bottom
stereo mode: 1280x720   1280x720 @50 frame packing
stereo mode: 1280x720   1280x720 @50 top-and-bottom
stereo mode: 1280x720   1280x720 @50 frame packing
stereo mode: 1280x720   1280x720 @50 side-by-side half
stereo mode: 1280x720   1280x720 @30 frame packing
stereo mode: 1280x720   1280x720 @30 frame packing
stereo mode: 1280x720   1280x720 @24 frame packing
stereo mode: 1280x720   1280x720 @24 frame packing
choosing 1920x1080 1920x1080 @24 clk=74250 (frame packing)
requested connector property max bpc=12
requested connector property Broadcast RGB=Full
requested connector property color format=RGB
frame label: FP RGB FULL 12-BIT
scanout buffer: 1920x2205; modeset done (isolated) -- TV should auto-switch now. q/ESC quits.
restored
    driver: [ 9413.233210] [drm] chroma bench: req=0 fmt=RGB bpc=12 limited=1 csc=0 rate=222750 kHz max=225000 kHz broadcast_rgb=0
    driver: [ 9413.289887] [drm] chroma bench: req=0 fmt=RGB bpc=12 limited=0 csc=0 rate=222750 kHz max=225000 kHz broadcast_rgb=1
    driver: [ 9413.305065] [drm] chroma bench: req=1 fmt=RGB bpc=12 limited=0 csc=0 rate=222750 kHz max=225000 kHz broadcast_rgb=1
    driver: [ 9413.321703] [drm] chroma bench: req=1 fmt=RGB bpc=12 limited=0 csc=0 rate=222750 kHz max=225000 kHz broadcast_rgb=1
    driver: [ 9443.294081] [drm] chroma bench: req=1 fmt=RGB bpc=12 limited=0 csc=0 rate=222750 kHz max=225000 kHz broadcast_rgb=1
--- chroma step: fp bpc12 fmt=yuv444 (30s)
stereo mode: 1920x1080  1920x1080 @60 top-and-bottom
stereo mode: 1920x1080  1920x1080 @60 side-by-side half
stereo mode: 1920x1080  1920x1080 @60 top-and-bottom
stereo mode: 1920x1080  1920x1080 @60 side-by-side half
stereo mode: 1920x1080  1920x1080 @50 top-and-bottom
stereo mode: 1920x1080  1920x1080 @50 side-by-side half
stereo mode: 1920x1080  1920x1080 @30 frame packing
stereo mode: 1920x1080  1920x1080 @30 top-and-bottom
stereo mode: 1920x1080  1920x1080 @30 frame packing
stereo mode: 1920x1080  1920x1080 @30 top-and-bottom
stereo mode: 1920x1080  1920x1080 @24 top-and-bottom
stereo mode: 1920x1080  1920x1080 @24 frame packing
stereo mode: 1920x1080  1920x1080 @24 side-by-side half
stereo mode: 1920x1080  1920x1080 @24 top-and-bottom
stereo mode: 1920x1080  1920x1080 @24 frame packing
stereo mode: 1920x1080  1920x1080 @24 side-by-side half
stereo mode: 1280x720   1280x720 @60 top-and-bottom
stereo mode: 1280x720   1280x720 @60 frame packing
stereo mode: 1280x720   1280x720 @60 top-and-bottom
stereo mode: 1280x720   1280x720 @60 frame packing
stereo mode: 1280x720   1280x720 @60 side-by-side half
stereo mode: 1280x720   1280x720 @60 top-and-bottom
stereo mode: 1280x720   1280x720 @60 frame packing
stereo mode: 1280x720   1280x720 @60 side-by-side half
stereo mode: 1280x720   1280x720 @50 top-and-bottom
stereo mode: 1280x720   1280x720 @50 frame packing
stereo mode: 1280x720   1280x720 @50 top-and-bottom
stereo mode: 1280x720   1280x720 @50 frame packing
stereo mode: 1280x720   1280x720 @50 side-by-side half
stereo mode: 1280x720   1280x720 @30 frame packing
stereo mode: 1280x720   1280x720 @30 frame packing
stereo mode: 1280x720   1280x720 @24 frame packing
stereo mode: 1280x720   1280x720 @24 frame packing
choosing 1920x1080 1920x1080 @24 clk=74250 (frame packing)
requested connector property max bpc=12
requested connector property Broadcast RGB=Automatic
requested connector property color format=YUV 4:4:4
frame label: FP YUV444 12-BIT
scanout buffer: 1920x2205; modeset done (isolated) -- TV should auto-switch now. q/ESC quits.
restored
    driver: [ 9443.365309] [drm] chroma bench: req=1 fmt=RGB bpc=12 limited=1 csc=0 rate=222750 kHz max=225000 kHz broadcast_rgb=0
    driver: [ 9443.372846] [drm] chroma bench: req=2 fmt=YUV 4:4:4 bpc=12 limited=1 csc=2 rate=222750 kHz max=225000 kHz broadcast_rgb=0
    driver: [ 9443.389557] [drm] chroma bench: req=2 fmt=YUV 4:4:4 bpc=12 limited=1 csc=2 rate=222750 kHz max=225000 kHz broadcast_rgb=0
    driver: [ 9473.358257] [drm] chroma bench: req=2 fmt=YUV 4:4:4 bpc=12 limited=1 csc=2 rate=222750 kHz max=225000 kHz broadcast_rgb=0
--- chroma step: fp bpc12 fmt=yuv422 (30s)
stereo mode: 1920x1080  1920x1080 @60 top-and-bottom
stereo mode: 1920x1080  1920x1080 @60 side-by-side half
stereo mode: 1920x1080  1920x1080 @60 top-and-bottom
stereo mode: 1920x1080  1920x1080 @60 side-by-side half
stereo mode: 1920x1080  1920x1080 @50 top-and-bottom
stereo mode: 1920x1080  1920x1080 @50 side-by-side half
stereo mode: 1920x1080  1920x1080 @30 frame packing
stereo mode: 1920x1080  1920x1080 @30 top-and-bottom
stereo mode: 1920x1080  1920x1080 @30 frame packing
stereo mode: 1920x1080  1920x1080 @30 top-and-bottom
stereo mode: 1920x1080  1920x1080 @24 top-and-bottom
stereo mode: 1920x1080  1920x1080 @24 frame packing
stereo mode: 1920x1080  1920x1080 @24 side-by-side half
stereo mode: 1920x1080  1920x1080 @24 top-and-bottom
stereo mode: 1920x1080  1920x1080 @24 frame packing
stereo mode: 1920x1080  1920x1080 @24 side-by-side half
stereo mode: 1280x720   1280x720 @60 top-and-bottom
stereo mode: 1280x720   1280x720 @60 frame packing
stereo mode: 1280x720   1280x720 @60 top-and-bottom
stereo mode: 1280x720   1280x720 @60 frame packing
stereo mode: 1280x720   1280x720 @60 side-by-side half
stereo mode: 1280x720   1280x720 @60 top-and-bottom
stereo mode: 1280x720   1280x720 @60 frame packing
stereo mode: 1280x720   1280x720 @60 side-by-side half
stereo mode: 1280x720   1280x720 @50 top-and-bottom
stereo mode: 1280x720   1280x720 @50 frame packing
stereo mode: 1280x720   1280x720 @50 top-and-bottom
stereo mode: 1280x720   1280x720 @50 frame packing
stereo mode: 1280x720   1280x720 @50 side-by-side half
stereo mode: 1280x720   1280x720 @30 frame packing
stereo mode: 1280x720   1280x720 @30 frame packing
stereo mode: 1280x720   1280x720 @24 frame packing
stereo mode: 1280x720   1280x720 @24 frame packing
choosing 1920x1080 1920x1080 @24 clk=74250 (frame packing)
requested connector property max bpc=12
requested connector property Broadcast RGB=Automatic
requested connector property color format=YUV 4:2:2
frame label: FP YUV422 12-BIT
scanout buffer: 1920x2205; modeset done (isolated) -- TV should auto-switch now. q/ESC quits.
restored
    driver: [ 9473.431405] [drm] chroma bench: req=3 fmt=YUV 4:2:2 bpc=12 limited=1 csc=2 rate=148500 kHz max=225000 kHz broadcast_rgb=0
    driver: [ 9473.493088] [drm] chroma bench: req=3 fmt=YUV 4:2:2 bpc=12 limited=1 csc=2 rate=148500 kHz max=225000 kHz broadcast_rgb=0
    driver: [ 9503.478496] [drm] chroma bench: req=3 fmt=YUV 4:2:2 bpc=12 limited=1 csc=2 rate=148500 kHz max=225000 kHz broadcast_rgb=0
--- chroma step: deep12 720p fmt=yuv444 (30s)
stereo mode: 1920x1080  1920x1080 @60 top-and-bottom
stereo mode: 1920x1080  1920x1080 @60 side-by-side half
stereo mode: 1920x1080  1920x1080 @60 top-and-bottom
stereo mode: 1920x1080  1920x1080 @60 side-by-side half
stereo mode: 1920x1080  1920x1080 @50 top-and-bottom
stereo mode: 1920x1080  1920x1080 @50 side-by-side half
stereo mode: 1920x1080  1920x1080 @30 frame packing
stereo mode: 1920x1080  1920x1080 @30 top-and-bottom
stereo mode: 1920x1080  1920x1080 @30 frame packing
stereo mode: 1920x1080  1920x1080 @30 top-and-bottom
stereo mode: 1920x1080  1920x1080 @24 top-and-bottom
stereo mode: 1920x1080  1920x1080 @24 frame packing
stereo mode: 1920x1080  1920x1080 @24 side-by-side half
stereo mode: 1920x1080  1920x1080 @24 top-and-bottom
stereo mode: 1920x1080  1920x1080 @24 frame packing
stereo mode: 1920x1080  1920x1080 @24 side-by-side half
stereo mode: 1280x720   1280x720 @60 top-and-bottom
stereo mode: 1280x720   1280x720 @60 frame packing
stereo mode: 1280x720   1280x720 @60 top-and-bottom
stereo mode: 1280x720   1280x720 @60 frame packing
stereo mode: 1280x720   1280x720 @60 side-by-side half
stereo mode: 1280x720   1280x720 @60 top-and-bottom
stereo mode: 1280x720   1280x720 @60 frame packing
stereo mode: 1280x720   1280x720 @60 side-by-side half
stereo mode: 1280x720   1280x720 @50 top-and-bottom
stereo mode: 1280x720   1280x720 @50 frame packing
stereo mode: 1280x720   1280x720 @50 top-and-bottom
stereo mode: 1280x720   1280x720 @50 frame packing
stereo mode: 1280x720   1280x720 @50 side-by-side half
stereo mode: 1280x720   1280x720 @30 frame packing
stereo mode: 1280x720   1280x720 @30 frame packing
stereo mode: 1280x720   1280x720 @24 frame packing
stereo mode: 1280x720   1280x720 @24 frame packing
choosing 1280x720 1280x720 @60 clk=74250 (12-bpc SDR transport)
requested connector property max bpc=12
requested connector property Broadcast RGB=Automatic
requested connector property color format=YUV 4:4:4
frame label: YUV444 12-BIT
scanout buffer: 1280x720; modeset done (isolated) -- TV should auto-switch now. q/ESC quits.
restored
    driver: [ 9503.533077] [drm] chroma bench: req=2 fmt=YUV 4:4:4 bpc=12 limited=1 csc=2 rate=222750 kHz max=225000 kHz broadcast_rgb=0
    driver: [ 9503.595114] [drm] chroma bench: req=2 fmt=YUV 4:4:4 bpc=12 limited=1 csc=2 rate=111375 kHz max=225000 kHz broadcast_rgb=0
    driver: [ 9533.525981] [drm] chroma bench: req=2 fmt=YUV 4:4:4 bpc=12 limited=1 csc=2 rate=222750 kHz max=225000 kHz broadcast_rgb=0
--- chroma step: deep12 576p fmt=yuv444 (30s)
stereo mode: 1920x1080  1920x1080 @60 top-and-bottom
stereo mode: 1920x1080  1920x1080 @60 side-by-side half
stereo mode: 1920x1080  1920x1080 @60 top-and-bottom
stereo mode: 1920x1080  1920x1080 @60 side-by-side half
stereo mode: 1920x1080  1920x1080 @50 top-and-bottom
stereo mode: 1920x1080  1920x1080 @50 side-by-side half
stereo mode: 1920x1080  1920x1080 @30 frame packing
stereo mode: 1920x1080  1920x1080 @30 top-and-bottom
stereo mode: 1920x1080  1920x1080 @30 frame packing
stereo mode: 1920x1080  1920x1080 @30 top-and-bottom
stereo mode: 1920x1080  1920x1080 @24 top-and-bottom
stereo mode: 1920x1080  1920x1080 @24 frame packing
stereo mode: 1920x1080  1920x1080 @24 side-by-side half
stereo mode: 1920x1080  1920x1080 @24 top-and-bottom
stereo mode: 1920x1080  1920x1080 @24 frame packing
stereo mode: 1920x1080  1920x1080 @24 side-by-side half
stereo mode: 1280x720   1280x720 @60 top-and-bottom
stereo mode: 1280x720   1280x720 @60 frame packing
stereo mode: 1280x720   1280x720 @60 top-and-bottom
stereo mode: 1280x720   1280x720 @60 frame packing
stereo mode: 1280x720   1280x720 @60 side-by-side half
stereo mode: 1280x720   1280x720 @60 top-and-bottom
stereo mode: 1280x720   1280x720 @60 frame packing
stereo mode: 1280x720   1280x720 @60 side-by-side half
stereo mode: 1280x720   1280x720 @50 top-and-bottom
stereo mode: 1280x720   1280x720 @50 frame packing
stereo mode: 1280x720   1280x720 @50 top-and-bottom
stereo mode: 1280x720   1280x720 @50 frame packing
stereo mode: 1280x720   1280x720 @50 side-by-side half
stereo mode: 1280x720   1280x720 @30 frame packing
stereo mode: 1280x720   1280x720 @30 frame packing
stereo mode: 1280x720   1280x720 @24 frame packing
stereo mode: 1280x720   1280x720 @24 frame packing
choosing 720x576 720x576 @50 clk=27000 (12-bpc SDR transport)
requested connector property max bpc=12
requested connector property Broadcast RGB=Automatic
requested connector property color format=YUV 4:4:4
frame label: YUV444 12-BIT
scanout buffer: 720x576; modeset done (isolated) -- TV should auto-switch now. q/ESC quits.
restored
    driver: [ 9533.622255] [drm] chroma bench: req=2 fmt=YUV 4:4:4 bpc=12 limited=1 csc=1 rate=40500 kHz max=225000 kHz broadcast_rgb=0
    driver: [ 9563.615426] [drm] chroma bench: req=2 fmt=YUV 4:4:4 bpc=12 limited=1 csc=2 rate=222750 kHz max=225000 kHz broadcast_rgb=0
--- chroma step: deep12 480p fmt=yuv422 (30s)
stereo mode: 1920x1080  1920x1080 @60 top-and-bottom
stereo mode: 1920x1080  1920x1080 @60 side-by-side half
stereo mode: 1920x1080  1920x1080 @60 top-and-bottom
stereo mode: 1920x1080  1920x1080 @60 side-by-side half
stereo mode: 1920x1080  1920x1080 @50 top-and-bottom
stereo mode: 1920x1080  1920x1080 @50 side-by-side half
stereo mode: 1920x1080  1920x1080 @30 frame packing
stereo mode: 1920x1080  1920x1080 @30 top-and-bottom
stereo mode: 1920x1080  1920x1080 @30 frame packing
stereo mode: 1920x1080  1920x1080 @30 top-and-bottom
stereo mode: 1920x1080  1920x1080 @24 top-and-bottom
stereo mode: 1920x1080  1920x1080 @24 frame packing
stereo mode: 1920x1080  1920x1080 @24 side-by-side half
stereo mode: 1920x1080  1920x1080 @24 top-and-bottom
stereo mode: 1920x1080  1920x1080 @24 frame packing
stereo mode: 1920x1080  1920x1080 @24 side-by-side half
stereo mode: 1280x720   1280x720 @60 top-and-bottom
stereo mode: 1280x720   1280x720 @60 frame packing
stereo mode: 1280x720   1280x720 @60 top-and-bottom
stereo mode: 1280x720   1280x720 @60 frame packing
stereo mode: 1280x720   1280x720 @60 side-by-side half
stereo mode: 1280x720   1280x720 @60 top-and-bottom
stereo mode: 1280x720   1280x720 @60 frame packing
stereo mode: 1280x720   1280x720 @60 side-by-side half
stereo mode: 1280x720   1280x720 @50 top-and-bottom
stereo mode: 1280x720   1280x720 @50 frame packing
stereo mode: 1280x720   1280x720 @50 top-and-bottom
stereo mode: 1280x720   1280x720 @50 frame packing
stereo mode: 1280x720   1280x720 @50 side-by-side half
stereo mode: 1280x720   1280x720 @30 frame packing
stereo mode: 1280x720   1280x720 @30 frame packing
stereo mode: 1280x720   1280x720 @24 frame packing
stereo mode: 1280x720   1280x720 @24 frame packing
choosing 720x480 720x480 @60 clk=27027 (12-bpc SDR transport)
requested connector property max bpc=12
requested connector property Broadcast RGB=Automatic
requested connector property color format=YUV 4:2:2
frame label: YUV422 12-BIT
scanout buffer: 720x480; modeset done (isolated) -- TV should auto-switch now. q/ESC quits.
restored
    driver: [ 9563.710017] [drm] chroma bench: req=3 fmt=YUV 4:2:2 bpc=12 limited=1 csc=2 rate=148500 kHz max=225000 kHz broadcast_rgb=0
    driver: [ 9563.771262] [drm] chroma bench: req=3 fmt=YUV 4:2:2 bpc=12 limited=1 csc=1 rate=27027 kHz max=225000 kHz broadcast_rgb=0
    driver: [ 9593.702924] [drm] chroma bench: req=3 fmt=YUV 4:2:2 bpc=12 limited=1 csc=2 rate=148500 kHz max=225000 kHz broadcast_rgb=0
--- chroma step: deep12 576p fmt=rgbauto (30s)
stereo mode: 1920x1080  1920x1080 @60 top-and-bottom
stereo mode: 1920x1080  1920x1080 @60 side-by-side half
stereo mode: 1920x1080  1920x1080 @60 top-and-bottom
stereo mode: 1920x1080  1920x1080 @60 side-by-side half
stereo mode: 1920x1080  1920x1080 @50 top-and-bottom
stereo mode: 1920x1080  1920x1080 @50 side-by-side half
stereo mode: 1920x1080  1920x1080 @30 frame packing
stereo mode: 1920x1080  1920x1080 @30 top-and-bottom
stereo mode: 1920x1080  1920x1080 @30 frame packing
stereo mode: 1920x1080  1920x1080 @30 top-and-bottom
stereo mode: 1920x1080  1920x1080 @24 top-and-bottom
stereo mode: 1920x1080  1920x1080 @24 frame packing
stereo mode: 1920x1080  1920x1080 @24 side-by-side half
stereo mode: 1920x1080  1920x1080 @24 top-and-bottom
stereo mode: 1920x1080  1920x1080 @24 frame packing
stereo mode: 1920x1080  1920x1080 @24 side-by-side half
stereo mode: 1280x720   1280x720 @60 top-and-bottom
stereo mode: 1280x720   1280x720 @60 frame packing
stereo mode: 1280x720   1280x720 @60 top-and-bottom
stereo mode: 1280x720   1280x720 @60 frame packing
stereo mode: 1280x720   1280x720 @60 side-by-side half
stereo mode: 1280x720   1280x720 @60 top-and-bottom
stereo mode: 1280x720   1280x720 @60 frame packing
stereo mode: 1280x720   1280x720 @60 side-by-side half
stereo mode: 1280x720   1280x720 @50 top-and-bottom
stereo mode: 1280x720   1280x720 @50 frame packing
stereo mode: 1280x720   1280x720 @50 top-and-bottom
stereo mode: 1280x720   1280x720 @50 frame packing
stereo mode: 1280x720   1280x720 @50 side-by-side half
stereo mode: 1280x720   1280x720 @30 frame packing
stereo mode: 1280x720   1280x720 @30 frame packing
stereo mode: 1280x720   1280x720 @24 frame packing
stereo mode: 1280x720   1280x720 @24 frame packing
choosing 720x576 720x576 @50 clk=27000 (12-bpc SDR transport)
requested connector property max bpc=12
requested connector property Broadcast RGB=Automatic
requested connector property color format=RGB
frame label: RGB AUTO 12-BIT
scanout buffer: 720x576; modeset done (isolated) -- TV should auto-switch now. q/ESC quits.
restored
    driver: [ 9593.780885] [drm] chroma bench: req=1 fmt=RGB bpc=12 limited=1 csc=0 rate=222750 kHz max=225000 kHz broadcast_rgb=0
    driver: [ 9593.843310] [drm] chroma bench: req=1 fmt=RGB bpc=12 limited=1 csc=0 rate=40500 kHz max=225000 kHz broadcast_rgb=0
    driver: [ 9623.774031] [drm] chroma bench: req=1 fmt=RGB bpc=12 limited=1 csc=0 rate=222750 kHz max=225000 kHz broadcast_rgb=0
--- chroma step: deep12 vga fmt=rgbfull (30s)
stereo mode: 1920x1080  1920x1080 @60 top-and-bottom
stereo mode: 1920x1080  1920x1080 @60 side-by-side half
stereo mode: 1920x1080  1920x1080 @60 top-and-bottom
stereo mode: 1920x1080  1920x1080 @60 side-by-side half
stereo mode: 1920x1080  1920x1080 @50 top-and-bottom
stereo mode: 1920x1080  1920x1080 @50 side-by-side half
stereo mode: 1920x1080  1920x1080 @30 frame packing
stereo mode: 1920x1080  1920x1080 @30 top-and-bottom
stereo mode: 1920x1080  1920x1080 @30 frame packing
stereo mode: 1920x1080  1920x1080 @30 top-and-bottom
stereo mode: 1920x1080  1920x1080 @24 top-and-bottom
stereo mode: 1920x1080  1920x1080 @24 frame packing
stereo mode: 1920x1080  1920x1080 @24 side-by-side half
stereo mode: 1920x1080  1920x1080 @24 top-and-bottom
stereo mode: 1920x1080  1920x1080 @24 frame packing
stereo mode: 1920x1080  1920x1080 @24 side-by-side half
stereo mode: 1280x720   1280x720 @60 top-and-bottom
stereo mode: 1280x720   1280x720 @60 frame packing
stereo mode: 1280x720   1280x720 @60 top-and-bottom
stereo mode: 1280x720   1280x720 @60 frame packing
stereo mode: 1280x720   1280x720 @60 side-by-side half
stereo mode: 1280x720   1280x720 @60 top-and-bottom
stereo mode: 1280x720   1280x720 @60 frame packing
stereo mode: 1280x720   1280x720 @60 side-by-side half
stereo mode: 1280x720   1280x720 @50 top-and-bottom
stereo mode: 1280x720   1280x720 @50 frame packing
stereo mode: 1280x720   1280x720 @50 top-and-bottom
stereo mode: 1280x720   1280x720 @50 frame packing
stereo mode: 1280x720   1280x720 @50 side-by-side half
stereo mode: 1280x720   1280x720 @30 frame packing
stereo mode: 1280x720   1280x720 @30 frame packing
stereo mode: 1280x720   1280x720 @24 frame packing
stereo mode: 1280x720   1280x720 @24 frame packing
choosing 640x480 640x480 @60 clk=25200 (12-bpc SDR transport)
requested connector property max bpc=12
requested connector property Broadcast RGB=Full
requested connector property color format=RGB
frame label: RGB FULL 12-BIT
scanout buffer: 640x480; modeset done (isolated) -- TV should auto-switch now. q/ESC quits.
restored
    driver: [ 9623.860036] [drm] chroma bench: req=1 fmt=RGB bpc=12 limited=0 csc=0 rate=222750 kHz max=225000 kHz broadcast_rgb=1
    driver: [ 9623.868643] [drm] chroma bench: req=1 fmt=RGB bpc=8 limited=0 csc=0 rate=25200 kHz max=225000 kHz broadcast_rgb=1
    driver: [ 9653.853116] [drm] chroma bench: req=1 fmt=RGB bpc=12 limited=0 csc=0 rate=222750 kHz max=225000 kHz broadcast_rgb=1
--- chroma step: sbs bpc12 fmt=rgblimited (30s)
stereo mode: 1920x1080  1920x1080 @60 top-and-bottom
stereo mode: 1920x1080  1920x1080 @60 side-by-side half
stereo mode: 1920x1080  1920x1080 @60 top-and-bottom
stereo mode: 1920x1080  1920x1080 @60 side-by-side half
stereo mode: 1920x1080  1920x1080 @50 top-and-bottom
stereo mode: 1920x1080  1920x1080 @50 side-by-side half
stereo mode: 1920x1080  1920x1080 @30 frame packing
stereo mode: 1920x1080  1920x1080 @30 top-and-bottom
stereo mode: 1920x1080  1920x1080 @30 frame packing
stereo mode: 1920x1080  1920x1080 @30 top-and-bottom
stereo mode: 1920x1080  1920x1080 @24 top-and-bottom
stereo mode: 1920x1080  1920x1080 @24 frame packing
stereo mode: 1920x1080  1920x1080 @24 side-by-side half
stereo mode: 1920x1080  1920x1080 @24 top-and-bottom
stereo mode: 1920x1080  1920x1080 @24 frame packing
stereo mode: 1920x1080  1920x1080 @24 side-by-side half
stereo mode: 1280x720   1280x720 @60 top-and-bottom
stereo mode: 1280x720   1280x720 @60 frame packing
stereo mode: 1280x720   1280x720 @60 top-and-bottom
stereo mode: 1280x720   1280x720 @60 frame packing
stereo mode: 1280x720   1280x720 @60 side-by-side half
stereo mode: 1280x720   1280x720 @60 top-and-bottom
stereo mode: 1280x720   1280x720 @60 frame packing
stereo mode: 1280x720   1280x720 @60 side-by-side half
stereo mode: 1280x720   1280x720 @50 top-and-bottom
stereo mode: 1280x720   1280x720 @50 frame packing
stereo mode: 1280x720   1280x720 @50 top-and-bottom
stereo mode: 1280x720   1280x720 @50 frame packing
stereo mode: 1280x720   1280x720 @50 side-by-side half
stereo mode: 1280x720   1280x720 @30 frame packing
stereo mode: 1280x720   1280x720 @30 frame packing
stereo mode: 1280x720   1280x720 @24 frame packing
stereo mode: 1280x720   1280x720 @24 frame packing
choosing 1920x1080 1920x1080 @60 clk=148500 (side-by-side half)
requested connector property max bpc=12
requested connector property Broadcast RGB=Limited 16:235
requested connector property color format=RGB
frame label: SBS RGB LIMITED 12-BIT
scanout buffer: 1920x1080; modeset done (isolated) -- TV should auto-switch now. q/ESC quits.
restored
    driver: [ 9653.946892] [drm] chroma bench: req=1 fmt=RGB bpc=12 limited=1 csc=0 rate=222750 kHz max=225000 kHz broadcast_rgb=2
    driver: [ 9653.955883] [drm] chroma bench: req=1 fmt=RGB bpc=12 limited=1 csc=0 rate=222750 kHz max=225000 kHz broadcast_rgb=2
    driver: [ 9683.940143] [drm] chroma bench: req=1 fmt=RGB bpc=12 limited=1 csc=0 rate=222750 kHz max=225000 kHz broadcast_rgb=2
--- restoring nvidia stack
restarted netdata
restarted coolercontrold
restarted nvidia-persistenced
=== done 2026-09-22T18:36:46-03:00 ===
--- restoring docker stack
9782eff5cab7
eb13a26eb779
a03261ee84b7
9372e29cf766
0a30636c55d8
