# run34 (2026-09-23 23:20-23:31 -03): same as run33 on the other Sony, after the 4:2:2 readback fix.
#   Branch ycbcr-poc tip 396725d9d (Mohamed Ahmed's nouveau-imp-upstr-v120, Linux 7.3-rc1, + CD=5 fix +
#   the colour-format series port; patch 4 now reads the 4:2:2 depth codes back). Mode --ycbcr, 22 steps.
# Sink: KDL-46HX855 (model 29698, 2012), input 3, RTX 3060 (GA106), HDMI-A-2.
# Result, Daniel's table verbatim ("osd" = bit depth confirmed on the OSD; it does not announce 8-bit):
#   "all pass as before"
#   RGB 12 - F [pass osd] L [pass osd] A [pass osd]; 10 - F [pass osd] L [pass osd]; 8 - F [pass osd] L [pass osd]
#   YUV 4:4:4 - 12 [pass osd] 10 [pass osd] 8 [pass osd]; 4:2:2 - 12 [pass] 10 [pass] 8 [pass]
#   SBS 4:4:4 12-bit [pass osd] no 3d button needed; TaB L 12-bit [pass osd] no 3d button needed
#   FP 4:2:2 [pass]; FP 4:4:4 12-bit [pass osd]; 720p 4:4:4 [pass osd 12 bit]; 576p 4:4:4 [pass osd 12 bit]
#   480p 4:2:2 [pass]; 576p auto [pass osd 12 bit]; 640x480 F [pass osd 12 bit]
# Kernel: 0 warnings on every step (per-step count from the journal, below), and 0 WARNING lines in the
#   whole test-boot kernel journal. run33's 8020 per-vblank 4:2:2 readback warnings are gone.
=== mohamed-bench 2026-09-23T23:20:21-03:00 kernel=7.3.0-rc1-mohamed-imp ===
network: r8169 loaded
installed nouveau (with CD=5): /lib/modules/7.3.0-rc1-mohamed-imp/kernel/drivers/gpu/drm/nouveau/nouveau.ko.xz sha256 8a47b8e8389c51eafb553cca0a778832f504fa6c12186e420d41c94d8e0fc93b
branch: ycbcr-poc (Broadcast RGB + color format)
--- [ycbcr-poc RGB] card=card1 connector=HDMI-A-2 after 0s
sink EDID sha256 4f6cc1c8b7ce1700f93ef13c76c490ea985752edadd05c64179ae169e69d5dc9:
    Model: 29698
    Made in: week 1 of 2012
    DC_36bit
    DC_30bit
    DC_Y444
    Maximum TMDS clock: 225 MHz
    RGB quantization: Selectable (via AVI Q)
	46 max bpc:
		flags: range
		values: 8 16
		value: 16
--
	51 max bpc:
		flags: range
		values: 6 16
--- [ycbcr-poc RGB] step: deep12 fmt=rgbfull (30s) 23:20:27
stereo mode: 1920x1080  1920x1080 @60 top-and-bottom
stereo mode: 1920x1080  1920x1080 @60 side-by-side half
stereo mode: 1920x1080  1920x1080 @60 top-and-bottom
stereo mode: 1920x1080  1920x1080 @60 side-by-side half
stereo mode: 1920x1080  1920x1080 @50 top-and-bottom
stereo mode: 1920x1080  1920x1080 @50 side-by-side half
stereo mode: 1920x1080  1920x1080 @30 frame packing
stereo mode: 1920x1080  1920x1080 @30 top-and-bottom
stereo mode: 1920x1080  1920x1080 @30 frame packing
stereo mode: 1920x1080  1920x1080 @30 top-and-bottom
stereo mode: 1920x1080  1920x1080 @24 top-and-bottom
stereo mode: 1920x1080  1920x1080 @24 frame packing
stereo mode: 1920x1080  1920x1080 @24 side-by-side half
stereo mode: 1920x1080  1920x1080 @24 top-and-bottom
stereo mode: 1920x1080  1920x1080 @24 frame packing
stereo mode: 1920x1080  1920x1080 @24 side-by-side half
stereo mode: 1280x720   1280x720 @60 top-and-bottom
stereo mode: 1280x720   1280x720 @60 frame packing
stereo mode: 1280x720   1280x720 @60 top-and-bottom
stereo mode: 1280x720   1280x720 @60 frame packing
stereo mode: 1280x720   1280x720 @60 side-by-side half
stereo mode: 1280x720   1280x720 @60 top-and-bottom
stereo mode: 1280x720   1280x720 @60 frame packing
stereo mode: 1280x720   1280x720 @60 side-by-side half
stereo mode: 1280x720   1280x720 @50 top-and-bottom
stereo mode: 1280x720   1280x720 @50 frame packing
stereo mode: 1280x720   1280x720 @50 top-and-bottom
stereo mode: 1280x720   1280x720 @50 frame packing
stereo mode: 1280x720   1280x720 @50 side-by-side half
stereo mode: 1280x720   1280x720 @30 frame packing
stereo mode: 1280x720   1280x720 @30 frame packing
stereo mode: 1280x720   1280x720 @24 frame packing
stereo mode: 1280x720   1280x720 @24 frame packing
choosing 1920x1080 1920x1080 @60 clk=148500 (12-bpc SDR transport)
requested connector property max bpc=12
requested connector property Broadcast RGB=Full
requested connector property color format=RGB
frame label: RGB FULL 12-BIT
scanout buffer: 1920x1080; modeset done (isolated) -- TV should auto-switch now. q/ESC quits.
restored
    kernel warnings this step: 0
--- [ycbcr-poc RGB] step: deep12 fmt=rgblimited (30s) 23:20:58
stereo mode: 1920x1080  1920x1080 @60 top-and-bottom
stereo mode: 1920x1080  1920x1080 @60 side-by-side half
stereo mode: 1920x1080  1920x1080 @60 top-and-bottom
stereo mode: 1920x1080  1920x1080 @60 side-by-side half
stereo mode: 1920x1080  1920x1080 @50 top-and-bottom
stereo mode: 1920x1080  1920x1080 @50 side-by-side half
stereo mode: 1920x1080  1920x1080 @30 frame packing
stereo mode: 1920x1080  1920x1080 @30 top-and-bottom
stereo mode: 1920x1080  1920x1080 @30 frame packing
stereo mode: 1920x1080  1920x1080 @30 top-and-bottom
stereo mode: 1920x1080  1920x1080 @24 top-and-bottom
stereo mode: 1920x1080  1920x1080 @24 frame packing
stereo mode: 1920x1080  1920x1080 @24 side-by-side half
stereo mode: 1920x1080  1920x1080 @24 top-and-bottom
stereo mode: 1920x1080  1920x1080 @24 frame packing
stereo mode: 1920x1080  1920x1080 @24 side-by-side half
stereo mode: 1280x720   1280x720 @60 top-and-bottom
stereo mode: 1280x720   1280x720 @60 frame packing
stereo mode: 1280x720   1280x720 @60 top-and-bottom
stereo mode: 1280x720   1280x720 @60 frame packing
stereo mode: 1280x720   1280x720 @60 side-by-side half
stereo mode: 1280x720   1280x720 @60 top-and-bottom
stereo mode: 1280x720   1280x720 @60 frame packing
stereo mode: 1280x720   1280x720 @60 side-by-side half
stereo mode: 1280x720   1280x720 @50 top-and-bottom
stereo mode: 1280x720   1280x720 @50 frame packing
stereo mode: 1280x720   1280x720 @50 top-and-bottom
stereo mode: 1280x720   1280x720 @50 frame packing
stereo mode: 1280x720   1280x720 @50 side-by-side half
stereo mode: 1280x720   1280x720 @30 frame packing
stereo mode: 1280x720   1280x720 @30 frame packing
stereo mode: 1280x720   1280x720 @24 frame packing
stereo mode: 1280x720   1280x720 @24 frame packing
choosing 1920x1080 1920x1080 @60 clk=148500 (12-bpc SDR transport)
requested connector property max bpc=12
requested connector property Broadcast RGB=Limited 16:235
requested connector property color format=RGB
frame label: RGB LIMITED 12-BIT
scanout buffer: 1920x1080; modeset done (isolated) -- TV should auto-switch now. q/ESC quits.
restored
    kernel warnings this step: 0
--- [ycbcr-poc RGB] step: deep12 fmt=rgbauto (30s) 23:21:28
stereo mode: 1920x1080  1920x1080 @60 top-and-bottom
stereo mode: 1920x1080  1920x1080 @60 side-by-side half
stereo mode: 1920x1080  1920x1080 @60 top-and-bottom
stereo mode: 1920x1080  1920x1080 @60 side-by-side half
stereo mode: 1920x1080  1920x1080 @50 top-and-bottom
stereo mode: 1920x1080  1920x1080 @50 side-by-side half
stereo mode: 1920x1080  1920x1080 @30 frame packing
stereo mode: 1920x1080  1920x1080 @30 top-and-bottom
stereo mode: 1920x1080  1920x1080 @30 frame packing
stereo mode: 1920x1080  1920x1080 @30 top-and-bottom
stereo mode: 1920x1080  1920x1080 @24 top-and-bottom
stereo mode: 1920x1080  1920x1080 @24 frame packing
stereo mode: 1920x1080  1920x1080 @24 side-by-side half
stereo mode: 1920x1080  1920x1080 @24 top-and-bottom
stereo mode: 1920x1080  1920x1080 @24 frame packing
stereo mode: 1920x1080  1920x1080 @24 side-by-side half
stereo mode: 1280x720   1280x720 @60 top-and-bottom
stereo mode: 1280x720   1280x720 @60 frame packing
stereo mode: 1280x720   1280x720 @60 top-and-bottom
stereo mode: 1280x720   1280x720 @60 frame packing
stereo mode: 1280x720   1280x720 @60 side-by-side half
stereo mode: 1280x720   1280x720 @60 top-and-bottom
stereo mode: 1280x720   1280x720 @60 frame packing
stereo mode: 1280x720   1280x720 @60 side-by-side half
stereo mode: 1280x720   1280x720 @50 top-and-bottom
stereo mode: 1280x720   1280x720 @50 frame packing
stereo mode: 1280x720   1280x720 @50 top-and-bottom
stereo mode: 1280x720   1280x720 @50 frame packing
stereo mode: 1280x720   1280x720 @50 side-by-side half
stereo mode: 1280x720   1280x720 @30 frame packing
stereo mode: 1280x720   1280x720 @30 frame packing
stereo mode: 1280x720   1280x720 @24 frame packing
stereo mode: 1280x720   1280x720 @24 frame packing
choosing 1920x1080 1920x1080 @60 clk=148500 (12-bpc SDR transport)
requested connector property max bpc=12
requested connector property Broadcast RGB=Automatic
requested connector property color format=RGB
frame label: RGB AUTO 12-BIT
scanout buffer: 1920x1080; modeset done (isolated) -- TV should auto-switch now. q/ESC quits.
restored
    kernel warnings this step: 0
--- [ycbcr-poc RGB] step: deep10 fmt=rgbfull (30s) 23:21:58
stereo mode: 1920x1080  1920x1080 @60 top-and-bottom
stereo mode: 1920x1080  1920x1080 @60 side-by-side half
stereo mode: 1920x1080  1920x1080 @60 top-and-bottom
stereo mode: 1920x1080  1920x1080 @60 side-by-side half
stereo mode: 1920x1080  1920x1080 @50 top-and-bottom
stereo mode: 1920x1080  1920x1080 @50 side-by-side half
stereo mode: 1920x1080  1920x1080 @30 frame packing
stereo mode: 1920x1080  1920x1080 @30 top-and-bottom
stereo mode: 1920x1080  1920x1080 @30 frame packing
stereo mode: 1920x1080  1920x1080 @30 top-and-bottom
stereo mode: 1920x1080  1920x1080 @24 top-and-bottom
stereo mode: 1920x1080  1920x1080 @24 frame packing
stereo mode: 1920x1080  1920x1080 @24 side-by-side half
stereo mode: 1920x1080  1920x1080 @24 top-and-bottom
stereo mode: 1920x1080  1920x1080 @24 frame packing
stereo mode: 1920x1080  1920x1080 @24 side-by-side half
stereo mode: 1280x720   1280x720 @60 top-and-bottom
stereo mode: 1280x720   1280x720 @60 frame packing
stereo mode: 1280x720   1280x720 @60 top-and-bottom
stereo mode: 1280x720   1280x720 @60 frame packing
stereo mode: 1280x720   1280x720 @60 side-by-side half
stereo mode: 1280x720   1280x720 @60 top-and-bottom
stereo mode: 1280x720   1280x720 @60 frame packing
stereo mode: 1280x720   1280x720 @60 side-by-side half
stereo mode: 1280x720   1280x720 @50 top-and-bottom
stereo mode: 1280x720   1280x720 @50 frame packing
stereo mode: 1280x720   1280x720 @50 top-and-bottom
stereo mode: 1280x720   1280x720 @50 frame packing
stereo mode: 1280x720   1280x720 @50 side-by-side half
stereo mode: 1280x720   1280x720 @30 frame packing
stereo mode: 1280x720   1280x720 @30 frame packing
stereo mode: 1280x720   1280x720 @24 frame packing
stereo mode: 1280x720   1280x720 @24 frame packing
choosing 1920x1080 1920x1080 @60 clk=148500 (10-bpc SDR transport)
requested connector property max bpc=10
requested connector property Broadcast RGB=Full
requested connector property color format=RGB
frame label: RGB FULL 10-BIT
scanout buffer: 1920x1080; modeset done (isolated) -- TV should auto-switch now. q/ESC quits.
restored
    kernel warnings this step: 0
--- [ycbcr-poc RGB] step: deep10 fmt=rgblimited (30s) 23:22:28
stereo mode: 1920x1080  1920x1080 @60 top-and-bottom
stereo mode: 1920x1080  1920x1080 @60 side-by-side half
stereo mode: 1920x1080  1920x1080 @60 top-and-bottom
stereo mode: 1920x1080  1920x1080 @60 side-by-side half
stereo mode: 1920x1080  1920x1080 @50 top-and-bottom
stereo mode: 1920x1080  1920x1080 @50 side-by-side half
stereo mode: 1920x1080  1920x1080 @30 frame packing
stereo mode: 1920x1080  1920x1080 @30 top-and-bottom
stereo mode: 1920x1080  1920x1080 @30 frame packing
stereo mode: 1920x1080  1920x1080 @30 top-and-bottom
stereo mode: 1920x1080  1920x1080 @24 top-and-bottom
stereo mode: 1920x1080  1920x1080 @24 frame packing
stereo mode: 1920x1080  1920x1080 @24 side-by-side half
stereo mode: 1920x1080  1920x1080 @24 top-and-bottom
stereo mode: 1920x1080  1920x1080 @24 frame packing
stereo mode: 1920x1080  1920x1080 @24 side-by-side half
stereo mode: 1280x720   1280x720 @60 top-and-bottom
stereo mode: 1280x720   1280x720 @60 frame packing
stereo mode: 1280x720   1280x720 @60 top-and-bottom
stereo mode: 1280x720   1280x720 @60 frame packing
stereo mode: 1280x720   1280x720 @60 side-by-side half
stereo mode: 1280x720   1280x720 @60 top-and-bottom
stereo mode: 1280x720   1280x720 @60 frame packing
stereo mode: 1280x720   1280x720 @60 side-by-side half
stereo mode: 1280x720   1280x720 @50 top-and-bottom
stereo mode: 1280x720   1280x720 @50 frame packing
stereo mode: 1280x720   1280x720 @50 top-and-bottom
stereo mode: 1280x720   1280x720 @50 frame packing
stereo mode: 1280x720   1280x720 @50 side-by-side half
stereo mode: 1280x720   1280x720 @30 frame packing
stereo mode: 1280x720   1280x720 @30 frame packing
stereo mode: 1280x720   1280x720 @24 frame packing
stereo mode: 1280x720   1280x720 @24 frame packing
choosing 1920x1080 1920x1080 @60 clk=148500 (10-bpc SDR transport)
requested connector property max bpc=10
requested connector property Broadcast RGB=Limited 16:235
requested connector property color format=RGB
frame label: RGB LIMITED 10-BIT
scanout buffer: 1920x1080; modeset done (isolated) -- TV should auto-switch now. q/ESC quits.
restored
    kernel warnings this step: 0
--- [ycbcr-poc RGB] step: deep8 fmt=rgbfull (30s) 23:22:58
stereo mode: 1920x1080  1920x1080 @60 top-and-bottom
stereo mode: 1920x1080  1920x1080 @60 side-by-side half
stereo mode: 1920x1080  1920x1080 @60 top-and-bottom
stereo mode: 1920x1080  1920x1080 @60 side-by-side half
stereo mode: 1920x1080  1920x1080 @50 top-and-bottom
stereo mode: 1920x1080  1920x1080 @50 side-by-side half
stereo mode: 1920x1080  1920x1080 @30 frame packing
stereo mode: 1920x1080  1920x1080 @30 top-and-bottom
stereo mode: 1920x1080  1920x1080 @30 frame packing
stereo mode: 1920x1080  1920x1080 @30 top-and-bottom
stereo mode: 1920x1080  1920x1080 @24 top-and-bottom
stereo mode: 1920x1080  1920x1080 @24 frame packing
stereo mode: 1920x1080  1920x1080 @24 side-by-side half
stereo mode: 1920x1080  1920x1080 @24 top-and-bottom
stereo mode: 1920x1080  1920x1080 @24 frame packing
stereo mode: 1920x1080  1920x1080 @24 side-by-side half
stereo mode: 1280x720   1280x720 @60 top-and-bottom
stereo mode: 1280x720   1280x720 @60 frame packing
stereo mode: 1280x720   1280x720 @60 top-and-bottom
stereo mode: 1280x720   1280x720 @60 frame packing
stereo mode: 1280x720   1280x720 @60 side-by-side half
stereo mode: 1280x720   1280x720 @60 top-and-bottom
stereo mode: 1280x720   1280x720 @60 frame packing
stereo mode: 1280x720   1280x720 @60 side-by-side half
stereo mode: 1280x720   1280x720 @50 top-and-bottom
stereo mode: 1280x720   1280x720 @50 frame packing
stereo mode: 1280x720   1280x720 @50 top-and-bottom
stereo mode: 1280x720   1280x720 @50 frame packing
stereo mode: 1280x720   1280x720 @50 side-by-side half
stereo mode: 1280x720   1280x720 @30 frame packing
stereo mode: 1280x720   1280x720 @30 frame packing
stereo mode: 1280x720   1280x720 @24 frame packing
stereo mode: 1280x720   1280x720 @24 frame packing
choosing 1920x1080 1920x1080 @60 clk=148500 (8-bpc SDR transport)
requested connector property max bpc=8
requested connector property Broadcast RGB=Full
requested connector property color format=RGB
frame label: RGB FULL 8-BIT
scanout buffer: 1920x1080; modeset done (isolated) -- TV should auto-switch now. q/ESC quits.
restored
    kernel warnings this step: 0
--- [ycbcr-poc RGB] step: deep8 fmt=rgblimited (30s) 23:23:28
stereo mode: 1920x1080  1920x1080 @60 top-and-bottom
stereo mode: 1920x1080  1920x1080 @60 side-by-side half
stereo mode: 1920x1080  1920x1080 @60 top-and-bottom
stereo mode: 1920x1080  1920x1080 @60 side-by-side half
stereo mode: 1920x1080  1920x1080 @50 top-and-bottom
stereo mode: 1920x1080  1920x1080 @50 side-by-side half
stereo mode: 1920x1080  1920x1080 @30 frame packing
stereo mode: 1920x1080  1920x1080 @30 top-and-bottom
stereo mode: 1920x1080  1920x1080 @30 frame packing
stereo mode: 1920x1080  1920x1080 @30 top-and-bottom
stereo mode: 1920x1080  1920x1080 @24 top-and-bottom
stereo mode: 1920x1080  1920x1080 @24 frame packing
stereo mode: 1920x1080  1920x1080 @24 side-by-side half
stereo mode: 1920x1080  1920x1080 @24 top-and-bottom
stereo mode: 1920x1080  1920x1080 @24 frame packing
stereo mode: 1920x1080  1920x1080 @24 side-by-side half
stereo mode: 1280x720   1280x720 @60 top-and-bottom
stereo mode: 1280x720   1280x720 @60 frame packing
stereo mode: 1280x720   1280x720 @60 top-and-bottom
stereo mode: 1280x720   1280x720 @60 frame packing
stereo mode: 1280x720   1280x720 @60 side-by-side half
stereo mode: 1280x720   1280x720 @60 top-and-bottom
stereo mode: 1280x720   1280x720 @60 frame packing
stereo mode: 1280x720   1280x720 @60 side-by-side half
stereo mode: 1280x720   1280x720 @50 top-and-bottom
stereo mode: 1280x720   1280x720 @50 frame packing
stereo mode: 1280x720   1280x720 @50 top-and-bottom
stereo mode: 1280x720   1280x720 @50 frame packing
stereo mode: 1280x720   1280x720 @50 side-by-side half
stereo mode: 1280x720   1280x720 @30 frame packing
stereo mode: 1280x720   1280x720 @30 frame packing
stereo mode: 1280x720   1280x720 @24 frame packing
stereo mode: 1280x720   1280x720 @24 frame packing
choosing 1920x1080 1920x1080 @60 clk=148500 (8-bpc SDR transport)
requested connector property max bpc=8
requested connector property Broadcast RGB=Limited 16:235
requested connector property color format=RGB
frame label: RGB LIMITED 8-BIT
scanout buffer: 1920x1080; modeset done (isolated) -- TV should auto-switch now. q/ESC quits.
restored
    kernel warnings this step: 0
--- [ycbcr-poc YUV] card=card1 connector=HDMI-A-2 after 0s
sink EDID sha256 4f6cc1c8b7ce1700f93ef13c76c490ea985752edadd05c64179ae169e69d5dc9:
    Model: 29698
    Made in: week 1 of 2012
    DC_36bit
    DC_30bit
    DC_Y444
    Maximum TMDS clock: 225 MHz
    RGB quantization: Selectable (via AVI Q)
	46 max bpc:
		flags: range
		values: 8 16
		value: 8
--
	51 max bpc:
		flags: range
		values: 6 16
--- [ycbcr-poc YUV] step: deep12 fmt=yuv444 (30s) 23:23:58
stereo mode: 1920x1080  1920x1080 @60 top-and-bottom
stereo mode: 1920x1080  1920x1080 @60 side-by-side half
stereo mode: 1920x1080  1920x1080 @60 top-and-bottom
stereo mode: 1920x1080  1920x1080 @60 side-by-side half
stereo mode: 1920x1080  1920x1080 @50 top-and-bottom
stereo mode: 1920x1080  1920x1080 @50 side-by-side half
stereo mode: 1920x1080  1920x1080 @30 frame packing
stereo mode: 1920x1080  1920x1080 @30 top-and-bottom
stereo mode: 1920x1080  1920x1080 @30 frame packing
stereo mode: 1920x1080  1920x1080 @30 top-and-bottom
stereo mode: 1920x1080  1920x1080 @24 top-and-bottom
stereo mode: 1920x1080  1920x1080 @24 frame packing
stereo mode: 1920x1080  1920x1080 @24 side-by-side half
stereo mode: 1920x1080  1920x1080 @24 top-and-bottom
stereo mode: 1920x1080  1920x1080 @24 frame packing
stereo mode: 1920x1080  1920x1080 @24 side-by-side half
stereo mode: 1280x720   1280x720 @60 top-and-bottom
stereo mode: 1280x720   1280x720 @60 frame packing
stereo mode: 1280x720   1280x720 @60 top-and-bottom
stereo mode: 1280x720   1280x720 @60 frame packing
stereo mode: 1280x720   1280x720 @60 side-by-side half
stereo mode: 1280x720   1280x720 @60 top-and-bottom
stereo mode: 1280x720   1280x720 @60 frame packing
stereo mode: 1280x720   1280x720 @60 side-by-side half
stereo mode: 1280x720   1280x720 @50 top-and-bottom
stereo mode: 1280x720   1280x720 @50 frame packing
stereo mode: 1280x720   1280x720 @50 top-and-bottom
stereo mode: 1280x720   1280x720 @50 frame packing
stereo mode: 1280x720   1280x720 @50 side-by-side half
stereo mode: 1280x720   1280x720 @30 frame packing
stereo mode: 1280x720   1280x720 @30 frame packing
stereo mode: 1280x720   1280x720 @24 frame packing
stereo mode: 1280x720   1280x720 @24 frame packing
choosing 1920x1080 1920x1080 @60 clk=148500 (12-bpc SDR transport)
requested connector property max bpc=12
requested connector property Broadcast RGB=Automatic
requested connector property color format=YUV 4:4:4
frame label: YUV444 12-BIT
scanout buffer: 1920x1080; modeset done (isolated) -- TV should auto-switch now. q/ESC quits.
restored
    kernel warnings this step: 0
--- [ycbcr-poc YUV] step: deep10 fmt=yuv444 (30s) 23:24:28
stereo mode: 1920x1080  1920x1080 @60 top-and-bottom
stereo mode: 1920x1080  1920x1080 @60 side-by-side half
stereo mode: 1920x1080  1920x1080 @60 top-and-bottom
stereo mode: 1920x1080  1920x1080 @60 side-by-side half
stereo mode: 1920x1080  1920x1080 @50 top-and-bottom
stereo mode: 1920x1080  1920x1080 @50 side-by-side half
stereo mode: 1920x1080  1920x1080 @30 frame packing
stereo mode: 1920x1080  1920x1080 @30 top-and-bottom
stereo mode: 1920x1080  1920x1080 @30 frame packing
stereo mode: 1920x1080  1920x1080 @30 top-and-bottom
stereo mode: 1920x1080  1920x1080 @24 top-and-bottom
stereo mode: 1920x1080  1920x1080 @24 frame packing
stereo mode: 1920x1080  1920x1080 @24 side-by-side half
stereo mode: 1920x1080  1920x1080 @24 top-and-bottom
stereo mode: 1920x1080  1920x1080 @24 frame packing
stereo mode: 1920x1080  1920x1080 @24 side-by-side half
stereo mode: 1280x720   1280x720 @60 top-and-bottom
stereo mode: 1280x720   1280x720 @60 frame packing
stereo mode: 1280x720   1280x720 @60 top-and-bottom
stereo mode: 1280x720   1280x720 @60 frame packing
stereo mode: 1280x720   1280x720 @60 side-by-side half
stereo mode: 1280x720   1280x720 @60 top-and-bottom
stereo mode: 1280x720   1280x720 @60 frame packing
stereo mode: 1280x720   1280x720 @60 side-by-side half
stereo mode: 1280x720   1280x720 @50 top-and-bottom
stereo mode: 1280x720   1280x720 @50 frame packing
stereo mode: 1280x720   1280x720 @50 top-and-bottom
stereo mode: 1280x720   1280x720 @50 frame packing
stereo mode: 1280x720   1280x720 @50 side-by-side half
stereo mode: 1280x720   1280x720 @30 frame packing
stereo mode: 1280x720   1280x720 @30 frame packing
stereo mode: 1280x720   1280x720 @24 frame packing
stereo mode: 1280x720   1280x720 @24 frame packing
choosing 1920x1080 1920x1080 @60 clk=148500 (10-bpc SDR transport)
requested connector property max bpc=10
requested connector property Broadcast RGB=Automatic
requested connector property color format=YUV 4:4:4
frame label: YUV444 10-BIT
scanout buffer: 1920x1080; modeset done (isolated) -- TV should auto-switch now. q/ESC quits.
restored
    kernel warnings this step: 0
--- [ycbcr-poc YUV] step: deep8 fmt=yuv444 (30s) 23:24:58
stereo mode: 1920x1080  1920x1080 @60 top-and-bottom
stereo mode: 1920x1080  1920x1080 @60 side-by-side half
stereo mode: 1920x1080  1920x1080 @60 top-and-bottom
stereo mode: 1920x1080  1920x1080 @60 side-by-side half
stereo mode: 1920x1080  1920x1080 @50 top-and-bottom
stereo mode: 1920x1080  1920x1080 @50 side-by-side half
stereo mode: 1920x1080  1920x1080 @30 frame packing
stereo mode: 1920x1080  1920x1080 @30 top-and-bottom
stereo mode: 1920x1080  1920x1080 @30 frame packing
stereo mode: 1920x1080  1920x1080 @30 top-and-bottom
stereo mode: 1920x1080  1920x1080 @24 top-and-bottom
stereo mode: 1920x1080  1920x1080 @24 frame packing
stereo mode: 1920x1080  1920x1080 @24 side-by-side half
stereo mode: 1920x1080  1920x1080 @24 top-and-bottom
stereo mode: 1920x1080  1920x1080 @24 frame packing
stereo mode: 1920x1080  1920x1080 @24 side-by-side half
stereo mode: 1280x720   1280x720 @60 top-and-bottom
stereo mode: 1280x720   1280x720 @60 frame packing
stereo mode: 1280x720   1280x720 @60 top-and-bottom
stereo mode: 1280x720   1280x720 @60 frame packing
stereo mode: 1280x720   1280x720 @60 side-by-side half
stereo mode: 1280x720   1280x720 @60 top-and-bottom
stereo mode: 1280x720   1280x720 @60 frame packing
stereo mode: 1280x720   1280x720 @60 side-by-side half
stereo mode: 1280x720   1280x720 @50 top-and-bottom
stereo mode: 1280x720   1280x720 @50 frame packing
stereo mode: 1280x720   1280x720 @50 top-and-bottom
stereo mode: 1280x720   1280x720 @50 frame packing
stereo mode: 1280x720   1280x720 @50 side-by-side half
stereo mode: 1280x720   1280x720 @30 frame packing
stereo mode: 1280x720   1280x720 @30 frame packing
stereo mode: 1280x720   1280x720 @24 frame packing
stereo mode: 1280x720   1280x720 @24 frame packing
choosing 1920x1080 1920x1080 @60 clk=148500 (8-bpc SDR transport)
requested connector property max bpc=8
requested connector property Broadcast RGB=Automatic
requested connector property color format=YUV 4:4:4
frame label: YUV444 8-BIT
scanout buffer: 1920x1080; modeset done (isolated) -- TV should auto-switch now. q/ESC quits.
restored
    kernel warnings this step: 0
--- [ycbcr-poc YUV] step: deep12 fmt=yuv422 (30s) 23:25:28
stereo mode: 1920x1080  1920x1080 @60 top-and-bottom
stereo mode: 1920x1080  1920x1080 @60 side-by-side half
stereo mode: 1920x1080  1920x1080 @60 top-and-bottom
stereo mode: 1920x1080  1920x1080 @60 side-by-side half
stereo mode: 1920x1080  1920x1080 @50 top-and-bottom
stereo mode: 1920x1080  1920x1080 @50 side-by-side half
stereo mode: 1920x1080  1920x1080 @30 frame packing
stereo mode: 1920x1080  1920x1080 @30 top-and-bottom
stereo mode: 1920x1080  1920x1080 @30 frame packing
stereo mode: 1920x1080  1920x1080 @30 top-and-bottom
stereo mode: 1920x1080  1920x1080 @24 top-and-bottom
stereo mode: 1920x1080  1920x1080 @24 frame packing
stereo mode: 1920x1080  1920x1080 @24 side-by-side half
stereo mode: 1920x1080  1920x1080 @24 top-and-bottom
stereo mode: 1920x1080  1920x1080 @24 frame packing
stereo mode: 1920x1080  1920x1080 @24 side-by-side half
stereo mode: 1280x720   1280x720 @60 top-and-bottom
stereo mode: 1280x720   1280x720 @60 frame packing
stereo mode: 1280x720   1280x720 @60 top-and-bottom
stereo mode: 1280x720   1280x720 @60 frame packing
stereo mode: 1280x720   1280x720 @60 side-by-side half
stereo mode: 1280x720   1280x720 @60 top-and-bottom
stereo mode: 1280x720   1280x720 @60 frame packing
stereo mode: 1280x720   1280x720 @60 side-by-side half
stereo mode: 1280x720   1280x720 @50 top-and-bottom
stereo mode: 1280x720   1280x720 @50 frame packing
stereo mode: 1280x720   1280x720 @50 top-and-bottom
stereo mode: 1280x720   1280x720 @50 frame packing
stereo mode: 1280x720   1280x720 @50 side-by-side half
stereo mode: 1280x720   1280x720 @30 frame packing
stereo mode: 1280x720   1280x720 @30 frame packing
stereo mode: 1280x720   1280x720 @24 frame packing
stereo mode: 1280x720   1280x720 @24 frame packing
choosing 1920x1080 1920x1080 @60 clk=148500 (12-bpc SDR transport)
requested connector property max bpc=12
requested connector property Broadcast RGB=Automatic
requested connector property color format=YUV 4:2:2
frame label: YUV422 12-BIT
scanout buffer: 1920x1080; modeset done (isolated) -- TV should auto-switch now. q/ESC quits.
restored
    kernel warnings this step: 0
--- [ycbcr-poc YUV] step: deep10 fmt=yuv422 (30s) 23:25:58
stereo mode: 1920x1080  1920x1080 @60 top-and-bottom
stereo mode: 1920x1080  1920x1080 @60 side-by-side half
stereo mode: 1920x1080  1920x1080 @60 top-and-bottom
stereo mode: 1920x1080  1920x1080 @60 side-by-side half
stereo mode: 1920x1080  1920x1080 @50 top-and-bottom
stereo mode: 1920x1080  1920x1080 @50 side-by-side half
stereo mode: 1920x1080  1920x1080 @30 frame packing
stereo mode: 1920x1080  1920x1080 @30 top-and-bottom
stereo mode: 1920x1080  1920x1080 @30 frame packing
stereo mode: 1920x1080  1920x1080 @30 top-and-bottom
stereo mode: 1920x1080  1920x1080 @24 top-and-bottom
stereo mode: 1920x1080  1920x1080 @24 frame packing
stereo mode: 1920x1080  1920x1080 @24 side-by-side half
stereo mode: 1920x1080  1920x1080 @24 top-and-bottom
stereo mode: 1920x1080  1920x1080 @24 frame packing
stereo mode: 1920x1080  1920x1080 @24 side-by-side half
stereo mode: 1280x720   1280x720 @60 top-and-bottom
stereo mode: 1280x720   1280x720 @60 frame packing
stereo mode: 1280x720   1280x720 @60 top-and-bottom
stereo mode: 1280x720   1280x720 @60 frame packing
stereo mode: 1280x720   1280x720 @60 side-by-side half
stereo mode: 1280x720   1280x720 @60 top-and-bottom
stereo mode: 1280x720   1280x720 @60 frame packing
stereo mode: 1280x720   1280x720 @60 side-by-side half
stereo mode: 1280x720   1280x720 @50 top-and-bottom
stereo mode: 1280x720   1280x720 @50 frame packing
stereo mode: 1280x720   1280x720 @50 top-and-bottom
stereo mode: 1280x720   1280x720 @50 frame packing
stereo mode: 1280x720   1280x720 @50 side-by-side half
stereo mode: 1280x720   1280x720 @30 frame packing
stereo mode: 1280x720   1280x720 @30 frame packing
stereo mode: 1280x720   1280x720 @24 frame packing
stereo mode: 1280x720   1280x720 @24 frame packing
choosing 1920x1080 1920x1080 @60 clk=148500 (10-bpc SDR transport)
requested connector property max bpc=10
requested connector property Broadcast RGB=Automatic
requested connector property color format=YUV 4:2:2
frame label: YUV422 10-BIT
scanout buffer: 1920x1080; modeset done (isolated) -- TV should auto-switch now. q/ESC quits.
restored
    kernel warnings this step: 0
--- [ycbcr-poc YUV] step: deep8 fmt=yuv422 (30s) 23:26:28
stereo mode: 1920x1080  1920x1080 @60 top-and-bottom
stereo mode: 1920x1080  1920x1080 @60 side-by-side half
stereo mode: 1920x1080  1920x1080 @60 top-and-bottom
stereo mode: 1920x1080  1920x1080 @60 side-by-side half
stereo mode: 1920x1080  1920x1080 @50 top-and-bottom
stereo mode: 1920x1080  1920x1080 @50 side-by-side half
stereo mode: 1920x1080  1920x1080 @30 frame packing
stereo mode: 1920x1080  1920x1080 @30 top-and-bottom
stereo mode: 1920x1080  1920x1080 @30 frame packing
stereo mode: 1920x1080  1920x1080 @30 top-and-bottom
stereo mode: 1920x1080  1920x1080 @24 top-and-bottom
stereo mode: 1920x1080  1920x1080 @24 frame packing
stereo mode: 1920x1080  1920x1080 @24 side-by-side half
stereo mode: 1920x1080  1920x1080 @24 top-and-bottom
stereo mode: 1920x1080  1920x1080 @24 frame packing
stereo mode: 1920x1080  1920x1080 @24 side-by-side half
stereo mode: 1280x720   1280x720 @60 top-and-bottom
stereo mode: 1280x720   1280x720 @60 frame packing
stereo mode: 1280x720   1280x720 @60 top-and-bottom
stereo mode: 1280x720   1280x720 @60 frame packing
stereo mode: 1280x720   1280x720 @60 side-by-side half
stereo mode: 1280x720   1280x720 @60 top-and-bottom
stereo mode: 1280x720   1280x720 @60 frame packing
stereo mode: 1280x720   1280x720 @60 side-by-side half
stereo mode: 1280x720   1280x720 @50 top-and-bottom
stereo mode: 1280x720   1280x720 @50 frame packing
stereo mode: 1280x720   1280x720 @50 top-and-bottom
stereo mode: 1280x720   1280x720 @50 frame packing
stereo mode: 1280x720   1280x720 @50 side-by-side half
stereo mode: 1280x720   1280x720 @30 frame packing
stereo mode: 1280x720   1280x720 @30 frame packing
stereo mode: 1280x720   1280x720 @24 frame packing
stereo mode: 1280x720   1280x720 @24 frame packing
choosing 1920x1080 1920x1080 @60 clk=148500 (8-bpc SDR transport)
requested connector property max bpc=8
requested connector property Broadcast RGB=Automatic
requested connector property color format=YUV 4:2:2
frame label: YUV422 8-BIT
scanout buffer: 1920x1080; modeset done (isolated) -- TV should auto-switch now. q/ESC quits.
restored
    kernel warnings this step: 0
--- [ycbcr-poc 3D+SD] card=card1 connector=HDMI-A-2 after 0s
sink EDID sha256 4f6cc1c8b7ce1700f93ef13c76c490ea985752edadd05c64179ae169e69d5dc9:
    Model: 29698
    Made in: week 1 of 2012
    DC_36bit
    DC_30bit
    DC_Y444
    Maximum TMDS clock: 225 MHz
    RGB quantization: Selectable (via AVI Q)
	46 max bpc:
		flags: range
		values: 8 16
		value: 8
--
	51 max bpc:
		flags: range
		values: 6 16
--- [ycbcr-poc 3D+SD] step: sbs bpc12 fmt=yuv444 (30s) 23:26:58
stereo mode: 1920x1080  1920x1080 @60 top-and-bottom
stereo mode: 1920x1080  1920x1080 @60 side-by-side half
stereo mode: 1920x1080  1920x1080 @60 top-and-bottom
stereo mode: 1920x1080  1920x1080 @60 side-by-side half
stereo mode: 1920x1080  1920x1080 @50 top-and-bottom
stereo mode: 1920x1080  1920x1080 @50 side-by-side half
stereo mode: 1920x1080  1920x1080 @30 frame packing
stereo mode: 1920x1080  1920x1080 @30 top-and-bottom
stereo mode: 1920x1080  1920x1080 @30 frame packing
stereo mode: 1920x1080  1920x1080 @30 top-and-bottom
stereo mode: 1920x1080  1920x1080 @24 top-and-bottom
stereo mode: 1920x1080  1920x1080 @24 frame packing
stereo mode: 1920x1080  1920x1080 @24 side-by-side half
stereo mode: 1920x1080  1920x1080 @24 top-and-bottom
stereo mode: 1920x1080  1920x1080 @24 frame packing
stereo mode: 1920x1080  1920x1080 @24 side-by-side half
stereo mode: 1280x720   1280x720 @60 top-and-bottom
stereo mode: 1280x720   1280x720 @60 frame packing
stereo mode: 1280x720   1280x720 @60 top-and-bottom
stereo mode: 1280x720   1280x720 @60 frame packing
stereo mode: 1280x720   1280x720 @60 side-by-side half
stereo mode: 1280x720   1280x720 @60 top-and-bottom
stereo mode: 1280x720   1280x720 @60 frame packing
stereo mode: 1280x720   1280x720 @60 side-by-side half
stereo mode: 1280x720   1280x720 @50 top-and-bottom
stereo mode: 1280x720   1280x720 @50 frame packing
stereo mode: 1280x720   1280x720 @50 top-and-bottom
stereo mode: 1280x720   1280x720 @50 frame packing
stereo mode: 1280x720   1280x720 @50 side-by-side half
stereo mode: 1280x720   1280x720 @30 frame packing
stereo mode: 1280x720   1280x720 @30 frame packing
stereo mode: 1280x720   1280x720 @24 frame packing
stereo mode: 1280x720   1280x720 @24 frame packing
choosing 1920x1080 1920x1080 @60 clk=148500 (side-by-side half)
requested connector property max bpc=12
requested connector property Broadcast RGB=Automatic
requested connector property color format=YUV 4:4:4
frame label: SBS YUV444 12-BIT
scanout buffer: 1920x1080; modeset done (isolated) -- TV should auto-switch now. q/ESC quits.
restored
    kernel warnings this step: 0
--- [ycbcr-poc 3D+SD] step: tab bpc12 fmt=rgblimited (30s) 23:27:28
stereo mode: 1920x1080  1920x1080 @60 top-and-bottom
stereo mode: 1920x1080  1920x1080 @60 side-by-side half
stereo mode: 1920x1080  1920x1080 @60 top-and-bottom
stereo mode: 1920x1080  1920x1080 @60 side-by-side half
stereo mode: 1920x1080  1920x1080 @50 top-and-bottom
stereo mode: 1920x1080  1920x1080 @50 side-by-side half
stereo mode: 1920x1080  1920x1080 @30 frame packing
stereo mode: 1920x1080  1920x1080 @30 top-and-bottom
stereo mode: 1920x1080  1920x1080 @30 frame packing
stereo mode: 1920x1080  1920x1080 @30 top-and-bottom
stereo mode: 1920x1080  1920x1080 @24 top-and-bottom
stereo mode: 1920x1080  1920x1080 @24 frame packing
stereo mode: 1920x1080  1920x1080 @24 side-by-side half
stereo mode: 1920x1080  1920x1080 @24 top-and-bottom
stereo mode: 1920x1080  1920x1080 @24 frame packing
stereo mode: 1920x1080  1920x1080 @24 side-by-side half
stereo mode: 1280x720   1280x720 @60 top-and-bottom
stereo mode: 1280x720   1280x720 @60 frame packing
stereo mode: 1280x720   1280x720 @60 top-and-bottom
stereo mode: 1280x720   1280x720 @60 frame packing
stereo mode: 1280x720   1280x720 @60 side-by-side half
stereo mode: 1280x720   1280x720 @60 top-and-bottom
stereo mode: 1280x720   1280x720 @60 frame packing
stereo mode: 1280x720   1280x720 @60 side-by-side half
stereo mode: 1280x720   1280x720 @50 top-and-bottom
stereo mode: 1280x720   1280x720 @50 frame packing
stereo mode: 1280x720   1280x720 @50 top-and-bottom
stereo mode: 1280x720   1280x720 @50 frame packing
stereo mode: 1280x720   1280x720 @50 side-by-side half
stereo mode: 1280x720   1280x720 @30 frame packing
stereo mode: 1280x720   1280x720 @30 frame packing
stereo mode: 1280x720   1280x720 @24 frame packing
stereo mode: 1280x720   1280x720 @24 frame packing
choosing 1920x1080 1920x1080 @60 clk=148500 (top-and-bottom)
requested connector property max bpc=12
requested connector property Broadcast RGB=Limited 16:235
requested connector property color format=RGB
frame label: TAB RGB LIMITED 12-BIT
scanout buffer: 1920x1080; modeset done (isolated) -- TV should auto-switch now. q/ESC quits.
restored
    kernel warnings this step: 0
--- [ycbcr-poc 3D+SD] step: fp bpc12 fmt=yuv422 (30s) 23:27:58
stereo mode: 1920x1080  1920x1080 @60 top-and-bottom
stereo mode: 1920x1080  1920x1080 @60 side-by-side half
stereo mode: 1920x1080  1920x1080 @60 top-and-bottom
stereo mode: 1920x1080  1920x1080 @60 side-by-side half
stereo mode: 1920x1080  1920x1080 @50 top-and-bottom
stereo mode: 1920x1080  1920x1080 @50 side-by-side half
stereo mode: 1920x1080  1920x1080 @30 frame packing
stereo mode: 1920x1080  1920x1080 @30 top-and-bottom
stereo mode: 1920x1080  1920x1080 @30 frame packing
stereo mode: 1920x1080  1920x1080 @30 top-and-bottom
stereo mode: 1920x1080  1920x1080 @24 top-and-bottom
stereo mode: 1920x1080  1920x1080 @24 frame packing
stereo mode: 1920x1080  1920x1080 @24 side-by-side half
stereo mode: 1920x1080  1920x1080 @24 top-and-bottom
stereo mode: 1920x1080  1920x1080 @24 frame packing
stereo mode: 1920x1080  1920x1080 @24 side-by-side half
stereo mode: 1280x720   1280x720 @60 top-and-bottom
stereo mode: 1280x720   1280x720 @60 frame packing
stereo mode: 1280x720   1280x720 @60 top-and-bottom
stereo mode: 1280x720   1280x720 @60 frame packing
stereo mode: 1280x720   1280x720 @60 side-by-side half
stereo mode: 1280x720   1280x720 @60 top-and-bottom
stereo mode: 1280x720   1280x720 @60 frame packing
stereo mode: 1280x720   1280x720 @60 side-by-side half
stereo mode: 1280x720   1280x720 @50 top-and-bottom
stereo mode: 1280x720   1280x720 @50 frame packing
stereo mode: 1280x720   1280x720 @50 top-and-bottom
stereo mode: 1280x720   1280x720 @50 frame packing
stereo mode: 1280x720   1280x720 @50 side-by-side half
stereo mode: 1280x720   1280x720 @30 frame packing
stereo mode: 1280x720   1280x720 @30 frame packing
stereo mode: 1280x720   1280x720 @24 frame packing
stereo mode: 1280x720   1280x720 @24 frame packing
choosing 1920x1080 1920x1080 @24 clk=74250 (frame packing)
requested connector property max bpc=12
requested connector property Broadcast RGB=Automatic
requested connector property color format=YUV 4:2:2
frame label: FP YUV422 12-BIT
scanout buffer: 1920x2205; modeset done (isolated) -- TV should auto-switch now. q/ESC quits.
restored
    kernel warnings this step: 0
--- [ycbcr-poc 3D+SD] step: fp bpc12 fmt=yuv444 (30s) 23:28:28
stereo mode: 1920x1080  1920x1080 @60 top-and-bottom
stereo mode: 1920x1080  1920x1080 @60 side-by-side half
stereo mode: 1920x1080  1920x1080 @60 top-and-bottom
stereo mode: 1920x1080  1920x1080 @60 side-by-side half
stereo mode: 1920x1080  1920x1080 @50 top-and-bottom
stereo mode: 1920x1080  1920x1080 @50 side-by-side half
stereo mode: 1920x1080  1920x1080 @30 frame packing
stereo mode: 1920x1080  1920x1080 @30 top-and-bottom
stereo mode: 1920x1080  1920x1080 @30 frame packing
stereo mode: 1920x1080  1920x1080 @30 top-and-bottom
stereo mode: 1920x1080  1920x1080 @24 top-and-bottom
stereo mode: 1920x1080  1920x1080 @24 frame packing
stereo mode: 1920x1080  1920x1080 @24 side-by-side half
stereo mode: 1920x1080  1920x1080 @24 top-and-bottom
stereo mode: 1920x1080  1920x1080 @24 frame packing
stereo mode: 1920x1080  1920x1080 @24 side-by-side half
stereo mode: 1280x720   1280x720 @60 top-and-bottom
stereo mode: 1280x720   1280x720 @60 frame packing
stereo mode: 1280x720   1280x720 @60 top-and-bottom
stereo mode: 1280x720   1280x720 @60 frame packing
stereo mode: 1280x720   1280x720 @60 side-by-side half
stereo mode: 1280x720   1280x720 @60 top-and-bottom
stereo mode: 1280x720   1280x720 @60 frame packing
stereo mode: 1280x720   1280x720 @60 side-by-side half
stereo mode: 1280x720   1280x720 @50 top-and-bottom
stereo mode: 1280x720   1280x720 @50 frame packing
stereo mode: 1280x720   1280x720 @50 top-and-bottom
stereo mode: 1280x720   1280x720 @50 frame packing
stereo mode: 1280x720   1280x720 @50 side-by-side half
stereo mode: 1280x720   1280x720 @30 frame packing
stereo mode: 1280x720   1280x720 @30 frame packing
stereo mode: 1280x720   1280x720 @24 frame packing
stereo mode: 1280x720   1280x720 @24 frame packing
choosing 1920x1080 1920x1080 @24 clk=74250 (frame packing)
requested connector property max bpc=12
requested connector property Broadcast RGB=Automatic
requested connector property color format=YUV 4:4:4
frame label: FP YUV444 12-BIT
scanout buffer: 1920x2205; modeset done (isolated) -- TV should auto-switch now. q/ESC quits.
restored
    kernel warnings this step: 0
--- [ycbcr-poc 3D+SD] step: deep12 720p fmt=yuv444 (30s) 23:28:59
stereo mode: 1920x1080  1920x1080 @60 top-and-bottom
stereo mode: 1920x1080  1920x1080 @60 side-by-side half
stereo mode: 1920x1080  1920x1080 @60 top-and-bottom
stereo mode: 1920x1080  1920x1080 @60 side-by-side half
stereo mode: 1920x1080  1920x1080 @50 top-and-bottom
stereo mode: 1920x1080  1920x1080 @50 side-by-side half
stereo mode: 1920x1080  1920x1080 @30 frame packing
stereo mode: 1920x1080  1920x1080 @30 top-and-bottom
stereo mode: 1920x1080  1920x1080 @30 frame packing
stereo mode: 1920x1080  1920x1080 @30 top-and-bottom
stereo mode: 1920x1080  1920x1080 @24 top-and-bottom
stereo mode: 1920x1080  1920x1080 @24 frame packing
stereo mode: 1920x1080  1920x1080 @24 side-by-side half
stereo mode: 1920x1080  1920x1080 @24 top-and-bottom
stereo mode: 1920x1080  1920x1080 @24 frame packing
stereo mode: 1920x1080  1920x1080 @24 side-by-side half
stereo mode: 1280x720   1280x720 @60 top-and-bottom
stereo mode: 1280x720   1280x720 @60 frame packing
stereo mode: 1280x720   1280x720 @60 top-and-bottom
stereo mode: 1280x720   1280x720 @60 frame packing
stereo mode: 1280x720   1280x720 @60 side-by-side half
stereo mode: 1280x720   1280x720 @60 top-and-bottom
stereo mode: 1280x720   1280x720 @60 frame packing
stereo mode: 1280x720   1280x720 @60 side-by-side half
stereo mode: 1280x720   1280x720 @50 top-and-bottom
stereo mode: 1280x720   1280x720 @50 frame packing
stereo mode: 1280x720   1280x720 @50 top-and-bottom
stereo mode: 1280x720   1280x720 @50 frame packing
stereo mode: 1280x720   1280x720 @50 side-by-side half
stereo mode: 1280x720   1280x720 @30 frame packing
stereo mode: 1280x720   1280x720 @30 frame packing
stereo mode: 1280x720   1280x720 @24 frame packing
stereo mode: 1280x720   1280x720 @24 frame packing
choosing 1280x720 1280x720 @60 clk=74250 (12-bpc SDR transport)
requested connector property max bpc=12
requested connector property Broadcast RGB=Automatic
requested connector property color format=YUV 4:4:4
frame label: YUV444 12-BIT
scanout buffer: 1280x720; modeset done (isolated) -- TV should auto-switch now. q/ESC quits.
restored
    kernel warnings this step: 0
--- [ycbcr-poc 3D+SD] step: deep12 576p fmt=yuv444 (30s) 23:29:29
stereo mode: 1920x1080  1920x1080 @60 top-and-bottom
stereo mode: 1920x1080  1920x1080 @60 side-by-side half
stereo mode: 1920x1080  1920x1080 @60 top-and-bottom
stereo mode: 1920x1080  1920x1080 @60 side-by-side half
stereo mode: 1920x1080  1920x1080 @50 top-and-bottom
stereo mode: 1920x1080  1920x1080 @50 side-by-side half
stereo mode: 1920x1080  1920x1080 @30 frame packing
stereo mode: 1920x1080  1920x1080 @30 top-and-bottom
stereo mode: 1920x1080  1920x1080 @30 frame packing
stereo mode: 1920x1080  1920x1080 @30 top-and-bottom
stereo mode: 1920x1080  1920x1080 @24 top-and-bottom
stereo mode: 1920x1080  1920x1080 @24 frame packing
stereo mode: 1920x1080  1920x1080 @24 side-by-side half
stereo mode: 1920x1080  1920x1080 @24 top-and-bottom
stereo mode: 1920x1080  1920x1080 @24 frame packing
stereo mode: 1920x1080  1920x1080 @24 side-by-side half
stereo mode: 1280x720   1280x720 @60 top-and-bottom
stereo mode: 1280x720   1280x720 @60 frame packing
stereo mode: 1280x720   1280x720 @60 top-and-bottom
stereo mode: 1280x720   1280x720 @60 frame packing
stereo mode: 1280x720   1280x720 @60 side-by-side half
stereo mode: 1280x720   1280x720 @60 top-and-bottom
stereo mode: 1280x720   1280x720 @60 frame packing
stereo mode: 1280x720   1280x720 @60 side-by-side half
stereo mode: 1280x720   1280x720 @50 top-and-bottom
stereo mode: 1280x720   1280x720 @50 frame packing
stereo mode: 1280x720   1280x720 @50 top-and-bottom
stereo mode: 1280x720   1280x720 @50 frame packing
stereo mode: 1280x720   1280x720 @50 side-by-side half
stereo mode: 1280x720   1280x720 @30 frame packing
stereo mode: 1280x720   1280x720 @30 frame packing
stereo mode: 1280x720   1280x720 @24 frame packing
stereo mode: 1280x720   1280x720 @24 frame packing
choosing 720x576 720x576 @50 clk=27000 (12-bpc SDR transport)
requested connector property max bpc=12
requested connector property Broadcast RGB=Automatic
requested connector property color format=YUV 4:4:4
frame label: YUV444 12-BIT
scanout buffer: 720x576; modeset done (isolated) -- TV should auto-switch now. q/ESC quits.
restored
    kernel warnings this step: 0
--- [ycbcr-poc 3D+SD] step: deep12 480p fmt=yuv422 (30s) 23:29:59
stereo mode: 1920x1080  1920x1080 @60 top-and-bottom
stereo mode: 1920x1080  1920x1080 @60 side-by-side half
stereo mode: 1920x1080  1920x1080 @60 top-and-bottom
stereo mode: 1920x1080  1920x1080 @60 side-by-side half
stereo mode: 1920x1080  1920x1080 @50 top-and-bottom
stereo mode: 1920x1080  1920x1080 @50 side-by-side half
stereo mode: 1920x1080  1920x1080 @30 frame packing
stereo mode: 1920x1080  1920x1080 @30 top-and-bottom
stereo mode: 1920x1080  1920x1080 @30 frame packing
stereo mode: 1920x1080  1920x1080 @30 top-and-bottom
stereo mode: 1920x1080  1920x1080 @24 top-and-bottom
stereo mode: 1920x1080  1920x1080 @24 frame packing
stereo mode: 1920x1080  1920x1080 @24 side-by-side half
stereo mode: 1920x1080  1920x1080 @24 top-and-bottom
stereo mode: 1920x1080  1920x1080 @24 frame packing
stereo mode: 1920x1080  1920x1080 @24 side-by-side half
stereo mode: 1280x720   1280x720 @60 top-and-bottom
stereo mode: 1280x720   1280x720 @60 frame packing
stereo mode: 1280x720   1280x720 @60 top-and-bottom
stereo mode: 1280x720   1280x720 @60 frame packing
stereo mode: 1280x720   1280x720 @60 side-by-side half
stereo mode: 1280x720   1280x720 @60 top-and-bottom
stereo mode: 1280x720   1280x720 @60 frame packing
stereo mode: 1280x720   1280x720 @60 side-by-side half
stereo mode: 1280x720   1280x720 @50 top-and-bottom
stereo mode: 1280x720   1280x720 @50 frame packing
stereo mode: 1280x720   1280x720 @50 top-and-bottom
stereo mode: 1280x720   1280x720 @50 frame packing
stereo mode: 1280x720   1280x720 @50 side-by-side half
stereo mode: 1280x720   1280x720 @30 frame packing
stereo mode: 1280x720   1280x720 @30 frame packing
stereo mode: 1280x720   1280x720 @24 frame packing
stereo mode: 1280x720   1280x720 @24 frame packing
choosing 720x480 720x480 @60 clk=27027 (12-bpc SDR transport)
requested connector property max bpc=12
requested connector property Broadcast RGB=Automatic
requested connector property color format=YUV 4:2:2
frame label: YUV422 12-BIT
scanout buffer: 720x480; modeset done (isolated) -- TV should auto-switch now. q/ESC quits.
restored
    kernel warnings this step: 0
--- [ycbcr-poc 3D+SD] step: deep12 576p fmt=rgbauto (30s) 23:30:29
stereo mode: 1920x1080  1920x1080 @60 top-and-bottom
stereo mode: 1920x1080  1920x1080 @60 side-by-side half
stereo mode: 1920x1080  1920x1080 @60 top-and-bottom
stereo mode: 1920x1080  1920x1080 @60 side-by-side half
stereo mode: 1920x1080  1920x1080 @50 top-and-bottom
stereo mode: 1920x1080  1920x1080 @50 side-by-side half
stereo mode: 1920x1080  1920x1080 @30 frame packing
stereo mode: 1920x1080  1920x1080 @30 top-and-bottom
stereo mode: 1920x1080  1920x1080 @30 frame packing
stereo mode: 1920x1080  1920x1080 @30 top-and-bottom
stereo mode: 1920x1080  1920x1080 @24 top-and-bottom
stereo mode: 1920x1080  1920x1080 @24 frame packing
stereo mode: 1920x1080  1920x1080 @24 side-by-side half
stereo mode: 1920x1080  1920x1080 @24 top-and-bottom
stereo mode: 1920x1080  1920x1080 @24 frame packing
stereo mode: 1920x1080  1920x1080 @24 side-by-side half
stereo mode: 1280x720   1280x720 @60 top-and-bottom
stereo mode: 1280x720   1280x720 @60 frame packing
stereo mode: 1280x720   1280x720 @60 top-and-bottom
stereo mode: 1280x720   1280x720 @60 frame packing
stereo mode: 1280x720   1280x720 @60 side-by-side half
stereo mode: 1280x720   1280x720 @60 top-and-bottom
stereo mode: 1280x720   1280x720 @60 frame packing
stereo mode: 1280x720   1280x720 @60 side-by-side half
stereo mode: 1280x720   1280x720 @50 top-and-bottom
stereo mode: 1280x720   1280x720 @50 frame packing
stereo mode: 1280x720   1280x720 @50 top-and-bottom
stereo mode: 1280x720   1280x720 @50 frame packing
stereo mode: 1280x720   1280x720 @50 side-by-side half
stereo mode: 1280x720   1280x720 @30 frame packing
stereo mode: 1280x720   1280x720 @30 frame packing
stereo mode: 1280x720   1280x720 @24 frame packing
stereo mode: 1280x720   1280x720 @24 frame packing
choosing 720x576 720x576 @50 clk=27000 (12-bpc SDR transport)
requested connector property max bpc=12
requested connector property Broadcast RGB=Automatic
requested connector property color format=RGB
frame label: RGB AUTO 12-BIT
scanout buffer: 720x576; modeset done (isolated) -- TV should auto-switch now. q/ESC quits.
restored
    kernel warnings this step: 0
--- [ycbcr-poc 3D+SD] step: deep12 vga fmt=rgbfull (30s) 23:30:59
stereo mode: 1920x1080  1920x1080 @60 top-and-bottom
stereo mode: 1920x1080  1920x1080 @60 side-by-side half
stereo mode: 1920x1080  1920x1080 @60 top-and-bottom
stereo mode: 1920x1080  1920x1080 @60 side-by-side half
stereo mode: 1920x1080  1920x1080 @50 top-and-bottom
stereo mode: 1920x1080  1920x1080 @50 side-by-side half
stereo mode: 1920x1080  1920x1080 @30 frame packing
stereo mode: 1920x1080  1920x1080 @30 top-and-bottom
stereo mode: 1920x1080  1920x1080 @30 frame packing
stereo mode: 1920x1080  1920x1080 @30 top-and-bottom
stereo mode: 1920x1080  1920x1080 @24 top-and-bottom
stereo mode: 1920x1080  1920x1080 @24 frame packing
stereo mode: 1920x1080  1920x1080 @24 side-by-side half
stereo mode: 1920x1080  1920x1080 @24 top-and-bottom
stereo mode: 1920x1080  1920x1080 @24 frame packing
stereo mode: 1920x1080  1920x1080 @24 side-by-side half
stereo mode: 1280x720   1280x720 @60 top-and-bottom
stereo mode: 1280x720   1280x720 @60 frame packing
stereo mode: 1280x720   1280x720 @60 top-and-bottom
stereo mode: 1280x720   1280x720 @60 frame packing
stereo mode: 1280x720   1280x720 @60 side-by-side half
stereo mode: 1280x720   1280x720 @60 top-and-bottom
stereo mode: 1280x720   1280x720 @60 frame packing
stereo mode: 1280x720   1280x720 @60 side-by-side half
stereo mode: 1280x720   1280x720 @50 top-and-bottom
stereo mode: 1280x720   1280x720 @50 frame packing
stereo mode: 1280x720   1280x720 @50 top-and-bottom
stereo mode: 1280x720   1280x720 @50 frame packing
stereo mode: 1280x720   1280x720 @50 side-by-side half
stereo mode: 1280x720   1280x720 @30 frame packing
stereo mode: 1280x720   1280x720 @30 frame packing
stereo mode: 1280x720   1280x720 @24 frame packing
stereo mode: 1280x720   1280x720 @24 frame packing
choosing 640x480 640x480 @60 clk=25200 (12-bpc SDR transport)
requested connector property max bpc=12
requested connector property Broadcast RGB=Full
requested connector property color format=RGB
frame label: RGB FULL 12-BIT
scanout buffer: 640x480; modeset done (isolated) -- TV should auto-switch now. q/ESC quits.
restored
    kernel warnings this step: 0
=== done 2026-09-23T23:31:30-03:00 ===
