# run30 (2026-09-23 18:17-18:21 -03): Mohamed Ahmed nouveau-imp-upstr-v120 (Linux 7.3.0-rc1) + our GCP CD=5 fix, GA106 -> KDL-46HX855 input 3.
# Daniel (TV side): "all went well" -- all six with-fix steps displayed: 12 bpc, FP/SBS/TAB at 12 bpc, 10 bpc, 8 bpc.
# The A/B half (module without CD=5) did NOT run: the script unloaded nouveau with modprobe -r, which also
#   removed its helper modules, so insmod of the no-fix module failed (Unknown symbol). Fixed for run31 (rmmod).
=== mohamed-bench 2026-09-23T18:17:47-03:00 kernel=7.3.0-rc1-mohamed-imp ===
network: r8169 loaded
installed nouveau (with CD=5): /lib/modules/7.3.0-rc1-mohamed-imp/kernel/drivers/gpu/drm/nouveau/nouveau.ko.xz sha256 406bf61ddbb64026ada9e5d13f71f02f3da8461ff627c012e9d47ac86616f239
A/B nouveau (without CD=5):    /K3D/temp/mohamed-bench/nouveau-without-cd5.ko sha256 79c28c053b36b360a64eade466ebe02c88814f1330f539e9636231babc0d9bc7
vermagic A/B module: 7.3.0-rc1-mohamed-imp SMP preempt mod_unload 
--- [with CD=5] card=card1 connector=HDMI-A-2 after 0s
	46 max bpc:
		flags: range
		values: 8 16
		value: 16
--
	49 max bpc:
		flags: range
		values: 6 16
--- [with CD=5] step: deep12 (30s) 18:17:53
stereo mode: 1920x1080  1920x1080 @60 top-and-bottom
stereo mode: 1920x1080  1920x1080 @60 side-by-side half
stereo mode: 1920x1080  1920x1080 @60 top-and-bottom
stereo mode: 1920x1080  1920x1080 @60 side-by-side half
stereo mode: 1920x1080  1920x1080 @50 top-and-bottom
stereo mode: 1920x1080  1920x1080 @50 side-by-side half
stereo mode: 1920x1080  1920x1080 @30 frame packing
stereo mode: 1920x1080  1920x1080 @30 top-and-bottom
stereo mode: 1920x1080  1920x1080 @30 frame packing
stereo mode: 1920x1080  1920x1080 @30 top-and-bottom
stereo mode: 1920x1080  1920x1080 @24 top-and-bottom
stereo mode: 1920x1080  1920x1080 @24 frame packing
stereo mode: 1920x1080  1920x1080 @24 side-by-side half
stereo mode: 1920x1080  1920x1080 @24 top-and-bottom
stereo mode: 1920x1080  1920x1080 @24 frame packing
stereo mode: 1920x1080  1920x1080 @24 side-by-side half
stereo mode: 1280x720   1280x720 @60 top-and-bottom
stereo mode: 1280x720   1280x720 @60 frame packing
stereo mode: 1280x720   1280x720 @60 top-and-bottom
stereo mode: 1280x720   1280x720 @60 frame packing
stereo mode: 1280x720   1280x720 @60 side-by-side half
stereo mode: 1280x720   1280x720 @60 top-and-bottom
stereo mode: 1280x720   1280x720 @60 frame packing
stereo mode: 1280x720   1280x720 @60 side-by-side half
stereo mode: 1280x720   1280x720 @50 top-and-bottom
stereo mode: 1280x720   1280x720 @50 frame packing
stereo mode: 1280x720   1280x720 @50 top-and-bottom
stereo mode: 1280x720   1280x720 @50 frame packing
stereo mode: 1280x720   1280x720 @50 side-by-side half
stereo mode: 1280x720   1280x720 @30 frame packing
stereo mode: 1280x720   1280x720 @30 frame packing
stereo mode: 1280x720   1280x720 @24 frame packing
stereo mode: 1280x720   1280x720 @24 frame packing
choosing 1920x1080 1920x1080 @60 clk=148500 (12-bpc SDR transport)
requested connector property max bpc=12
frame label: RGB 12-BIT
scanout buffer: 1920x1080; modeset done (isolated) -- TV should auto-switch now. q/ESC quits.
restored
--- [with CD=5] step: fp bpc12 (30s) 18:18:23
stereo mode: 1920x1080  1920x1080 @60 top-and-bottom
stereo mode: 1920x1080  1920x1080 @60 side-by-side half
stereo mode: 1920x1080  1920x1080 @60 top-and-bottom
stereo mode: 1920x1080  1920x1080 @60 side-by-side half
stereo mode: 1920x1080  1920x1080 @50 top-and-bottom
stereo mode: 1920x1080  1920x1080 @50 side-by-side half
stereo mode: 1920x1080  1920x1080 @30 frame packing
stereo mode: 1920x1080  1920x1080 @30 top-and-bottom
stereo mode: 1920x1080  1920x1080 @30 frame packing
stereo mode: 1920x1080  1920x1080 @30 top-and-bottom
stereo mode: 1920x1080  1920x1080 @24 top-and-bottom
stereo mode: 1920x1080  1920x1080 @24 frame packing
stereo mode: 1920x1080  1920x1080 @24 side-by-side half
stereo mode: 1920x1080  1920x1080 @24 top-and-bottom
stereo mode: 1920x1080  1920x1080 @24 frame packing
stereo mode: 1920x1080  1920x1080 @24 side-by-side half
stereo mode: 1280x720   1280x720 @60 top-and-bottom
stereo mode: 1280x720   1280x720 @60 frame packing
stereo mode: 1280x720   1280x720 @60 top-and-bottom
stereo mode: 1280x720   1280x720 @60 frame packing
stereo mode: 1280x720   1280x720 @60 side-by-side half
stereo mode: 1280x720   1280x720 @60 top-and-bottom
stereo mode: 1280x720   1280x720 @60 frame packing
stereo mode: 1280x720   1280x720 @60 side-by-side half
stereo mode: 1280x720   1280x720 @50 top-and-bottom
stereo mode: 1280x720   1280x720 @50 frame packing
stereo mode: 1280x720   1280x720 @50 top-and-bottom
stereo mode: 1280x720   1280x720 @50 frame packing
stereo mode: 1280x720   1280x720 @50 side-by-side half
stereo mode: 1280x720   1280x720 @30 frame packing
stereo mode: 1280x720   1280x720 @30 frame packing
stereo mode: 1280x720   1280x720 @24 frame packing
stereo mode: 1280x720   1280x720 @24 frame packing
choosing 1920x1080 1920x1080 @24 clk=74250 (frame packing)
requested connector property max bpc=12
frame label: FP RGB 12-BIT
scanout buffer: 1920x2205; modeset done (isolated) -- TV should auto-switch now. q/ESC quits.
restored
--- [with CD=5] step: sbs bpc12 (30s) 18:18:53
stereo mode: 1920x1080  1920x1080 @60 top-and-bottom
stereo mode: 1920x1080  1920x1080 @60 side-by-side half
stereo mode: 1920x1080  1920x1080 @60 top-and-bottom
stereo mode: 1920x1080  1920x1080 @60 side-by-side half
stereo mode: 1920x1080  1920x1080 @50 top-and-bottom
stereo mode: 1920x1080  1920x1080 @50 side-by-side half
stereo mode: 1920x1080  1920x1080 @30 frame packing
stereo mode: 1920x1080  1920x1080 @30 top-and-bottom
stereo mode: 1920x1080  1920x1080 @30 frame packing
stereo mode: 1920x1080  1920x1080 @30 top-and-bottom
stereo mode: 1920x1080  1920x1080 @24 top-and-bottom
stereo mode: 1920x1080  1920x1080 @24 frame packing
stereo mode: 1920x1080  1920x1080 @24 side-by-side half
stereo mode: 1920x1080  1920x1080 @24 top-and-bottom
stereo mode: 1920x1080  1920x1080 @24 frame packing
stereo mode: 1920x1080  1920x1080 @24 side-by-side half
stereo mode: 1280x720   1280x720 @60 top-and-bottom
stereo mode: 1280x720   1280x720 @60 frame packing
stereo mode: 1280x720   1280x720 @60 top-and-bottom
stereo mode: 1280x720   1280x720 @60 frame packing
stereo mode: 1280x720   1280x720 @60 side-by-side half
stereo mode: 1280x720   1280x720 @60 top-and-bottom
stereo mode: 1280x720   1280x720 @60 frame packing
stereo mode: 1280x720   1280x720 @60 side-by-side half
stereo mode: 1280x720   1280x720 @50 top-and-bottom
stereo mode: 1280x720   1280x720 @50 frame packing
stereo mode: 1280x720   1280x720 @50 top-and-bottom
stereo mode: 1280x720   1280x720 @50 frame packing
stereo mode: 1280x720   1280x720 @50 side-by-side half
stereo mode: 1280x720   1280x720 @30 frame packing
stereo mode: 1280x720   1280x720 @30 frame packing
stereo mode: 1280x720   1280x720 @24 frame packing
stereo mode: 1280x720   1280x720 @24 frame packing
choosing 1920x1080 1920x1080 @60 clk=148500 (side-by-side half)
requested connector property max bpc=12
frame label: SBS RGB 12-BIT
scanout buffer: 1920x1080; modeset done (isolated) -- TV should auto-switch now. q/ESC quits.
restored
--- [with CD=5] step: tab bpc12 (30s) 18:19:23
stereo mode: 1920x1080  1920x1080 @60 top-and-bottom
stereo mode: 1920x1080  1920x1080 @60 side-by-side half
stereo mode: 1920x1080  1920x1080 @60 top-and-bottom
stereo mode: 1920x1080  1920x1080 @60 side-by-side half
stereo mode: 1920x1080  1920x1080 @50 top-and-bottom
stereo mode: 1920x1080  1920x1080 @50 side-by-side half
stereo mode: 1920x1080  1920x1080 @30 frame packing
stereo mode: 1920x1080  1920x1080 @30 top-and-bottom
stereo mode: 1920x1080  1920x1080 @30 frame packing
stereo mode: 1920x1080  1920x1080 @30 top-and-bottom
stereo mode: 1920x1080  1920x1080 @24 top-and-bottom
stereo mode: 1920x1080  1920x1080 @24 frame packing
stereo mode: 1920x1080  1920x1080 @24 side-by-side half
stereo mode: 1920x1080  1920x1080 @24 top-and-bottom
stereo mode: 1920x1080  1920x1080 @24 frame packing
stereo mode: 1920x1080  1920x1080 @24 side-by-side half
stereo mode: 1280x720   1280x720 @60 top-and-bottom
stereo mode: 1280x720   1280x720 @60 frame packing
stereo mode: 1280x720   1280x720 @60 top-and-bottom
stereo mode: 1280x720   1280x720 @60 frame packing
stereo mode: 1280x720   1280x720 @60 side-by-side half
stereo mode: 1280x720   1280x720 @60 top-and-bottom
stereo mode: 1280x720   1280x720 @60 frame packing
stereo mode: 1280x720   1280x720 @60 side-by-side half
stereo mode: 1280x720   1280x720 @50 top-and-bottom
stereo mode: 1280x720   1280x720 @50 frame packing
stereo mode: 1280x720   1280x720 @50 top-and-bottom
stereo mode: 1280x720   1280x720 @50 frame packing
stereo mode: 1280x720   1280x720 @50 side-by-side half
stereo mode: 1280x720   1280x720 @30 frame packing
stereo mode: 1280x720   1280x720 @30 frame packing
stereo mode: 1280x720   1280x720 @24 frame packing
stereo mode: 1280x720   1280x720 @24 frame packing
choosing 1920x1080 1920x1080 @60 clk=148500 (top-and-bottom)
requested connector property max bpc=12
frame label: TAB RGB 12-BIT
scanout buffer: 1920x1080; modeset done (isolated) -- TV should auto-switch now. q/ESC quits.
restored
--- [with CD=5] step: deep10 (30s) 18:19:53
stereo mode: 1920x1080  1920x1080 @60 top-and-bottom
stereo mode: 1920x1080  1920x1080 @60 side-by-side half
stereo mode: 1920x1080  1920x1080 @60 top-and-bottom
stereo mode: 1920x1080  1920x1080 @60 side-by-side half
stereo mode: 1920x1080  1920x1080 @50 top-and-bottom
stereo mode: 1920x1080  1920x1080 @50 side-by-side half
stereo mode: 1920x1080  1920x1080 @30 frame packing
stereo mode: 1920x1080  1920x1080 @30 top-and-bottom
stereo mode: 1920x1080  1920x1080 @30 frame packing
stereo mode: 1920x1080  1920x1080 @30 top-and-bottom
stereo mode: 1920x1080  1920x1080 @24 top-and-bottom
stereo mode: 1920x1080  1920x1080 @24 frame packing
stereo mode: 1920x1080  1920x1080 @24 side-by-side half
stereo mode: 1920x1080  1920x1080 @24 top-and-bottom
stereo mode: 1920x1080  1920x1080 @24 frame packing
stereo mode: 1920x1080  1920x1080 @24 side-by-side half
stereo mode: 1280x720   1280x720 @60 top-and-bottom
stereo mode: 1280x720   1280x720 @60 frame packing
stereo mode: 1280x720   1280x720 @60 top-and-bottom
stereo mode: 1280x720   1280x720 @60 frame packing
stereo mode: 1280x720   1280x720 @60 side-by-side half
stereo mode: 1280x720   1280x720 @60 top-and-bottom
stereo mode: 1280x720   1280x720 @60 frame packing
stereo mode: 1280x720   1280x720 @60 side-by-side half
stereo mode: 1280x720   1280x720 @50 top-and-bottom
stereo mode: 1280x720   1280x720 @50 frame packing
stereo mode: 1280x720   1280x720 @50 top-and-bottom
stereo mode: 1280x720   1280x720 @50 frame packing
stereo mode: 1280x720   1280x720 @50 side-by-side half
stereo mode: 1280x720   1280x720 @30 frame packing
stereo mode: 1280x720   1280x720 @30 frame packing
stereo mode: 1280x720   1280x720 @24 frame packing
stereo mode: 1280x720   1280x720 @24 frame packing
choosing 1920x1080 1920x1080 @60 clk=148500 (10-bpc SDR transport)
requested connector property max bpc=10
frame label: RGB 10-BIT
scanout buffer: 1920x1080; modeset done (isolated) -- TV should auto-switch now. q/ESC quits.
restored
--- [with CD=5] step: deep8 (30s) 18:20:23
stereo mode: 1920x1080  1920x1080 @60 top-and-bottom
stereo mode: 1920x1080  1920x1080 @60 side-by-side half
stereo mode: 1920x1080  1920x1080 @60 top-and-bottom
stereo mode: 1920x1080  1920x1080 @60 side-by-side half
stereo mode: 1920x1080  1920x1080 @50 top-and-bottom
stereo mode: 1920x1080  1920x1080 @50 side-by-side half
stereo mode: 1920x1080  1920x1080 @30 frame packing
stereo mode: 1920x1080  1920x1080 @30 top-and-bottom
stereo mode: 1920x1080  1920x1080 @30 frame packing
stereo mode: 1920x1080  1920x1080 @30 top-and-bottom
stereo mode: 1920x1080  1920x1080 @24 top-and-bottom
stereo mode: 1920x1080  1920x1080 @24 frame packing
stereo mode: 1920x1080  1920x1080 @24 side-by-side half
stereo mode: 1920x1080  1920x1080 @24 top-and-bottom
stereo mode: 1920x1080  1920x1080 @24 frame packing
stereo mode: 1920x1080  1920x1080 @24 side-by-side half
stereo mode: 1280x720   1280x720 @60 top-and-bottom
stereo mode: 1280x720   1280x720 @60 frame packing
stereo mode: 1280x720   1280x720 @60 top-and-bottom
stereo mode: 1280x720   1280x720 @60 frame packing
stereo mode: 1280x720   1280x720 @60 side-by-side half
stereo mode: 1280x720   1280x720 @60 top-and-bottom
stereo mode: 1280x720   1280x720 @60 frame packing
stereo mode: 1280x720   1280x720 @60 side-by-side half
stereo mode: 1280x720   1280x720 @50 top-and-bottom
stereo mode: 1280x720   1280x720 @50 frame packing
stereo mode: 1280x720   1280x720 @50 top-and-bottom
stereo mode: 1280x720   1280x720 @50 frame packing
stereo mode: 1280x720   1280x720 @50 side-by-side half
stereo mode: 1280x720   1280x720 @30 frame packing
stereo mode: 1280x720   1280x720 @30 frame packing
stereo mode: 1280x720   1280x720 @24 frame packing
stereo mode: 1280x720   1280x720 @24 frame packing
choosing 1920x1080 1920x1080 @60 clk=148500 (8-bpc SDR transport)
requested connector property max bpc=8
frame label: RGB 8-BIT
scanout buffer: 1920x1080; modeset done (isolated) -- TV should auto-switch now. q/ESC quits.
restored
--- swapping to the module without the fix
insmod: ERROR: could not insert module /K3D/temp/mohamed-bench/nouveau-without-cd5.ko: Unknown symbol in module
--- [without CD=5] card= connector=none after 30s
Sony EDID not found on nouveau; skipping [without CD=5]
=== done 2026-09-23T18:21:24-03:00 ===
