=== nouveau-3d-test 2026-09-20T21:37:13-03:00 layout=fp ===
nouveau module: /lib/modules/7.0.10+deb14-amd64/kernel/drivers/gpu/drm/nouveau/nouveau.ko.xz
nvidia_uvm refcount=4 before docker pause
--- pausing 5 docker containers for the test window:
n8n (9782eff5cab7)
watchtower (eb13a26eb779)
browserless (a03261ee84b7)
open-webui (9372e29cf766)
qdrant (0a30636c55d8)
9782eff5cab7
eb13a26eb779
a03261ee84b7
9372e29cf766
0a30636c55d8
--- docker stack down
nvidia_uvm refcount: 0 -- gate passed
autoload guard installed: /run/modprobe.d/zz-nouveau-stereo-test.conf
stopped nvidia-persistenced
stopped coolercontrold
stopped netdata
cards free after 2s
vtcon1 unbound
vtcon0 unbound
nouveau: not loaded, skip
nvidia_fs: not loaded, skip
removed nvidia_drm
removed nvidia_uvm
nvidia_modeset: not loaded, skip
nvidia: not loaded, skip
--- nvidia-family modules present (guard should keep this empty):
none -- guard holding
--- loading nouveau (GSP init on GA106 can take ~10s) ---
card1 reappeared after 0s under: DRIVER=nouveau
--- connectors on card1:
card1-DP-2
card1-DP-3
card1-DP-4
card1-HDMI-A-2
--- probing card1 HDMI-A-2:
probe: /dev/dri/card1 connector HDMI-A-2

without caps:
  modes on HDMI-A-2: 22 total, 0 stereo

with STEREO_3D:
  drmSetClientCap(STEREO_3D, 1) -> 0 (accepted)
  modes on HDMI-A-2: 51 total, 29 stereo

with ASPECT_RATIO:
  drmSetClientCap(ASPECT_RATIO, 1) -> 0 (accepted)
    HDMI-A-2       1920x1080 @ 60 Hz clk=148500 flags=0x000005 
    HDMI-A-2       1920x1080 @ 60 Hz clk=148500 flags=0x100005 
    HDMI-A-2       1920x1080 @ 60 Hz clk=148352 flags=0x100005 
    HDMI-A-2       1920x1080 @ 50 Hz clk=148500 flags=0x000005 
    HDMI-A-2       1920x1080 @ 50 Hz clk=148500 flags=0x100005 
    HDMI-A-2       1920x1080 @ 30 Hz clk= 74250 flags=0x100005 
    HDMI-A-2       1920x1080 @ 30 Hz clk= 74176 flags=0x100005 
    HDMI-A-2       1920x1080 @ 24 Hz clk= 74250 flags=0x100005 
    HDMI-A-2       1920x1080 @ 24 Hz clk= 74176 flags=0x100005 
    HDMI-A-2       1280x1024 @ 60 Hz clk=108000 flags=0x000005 
    HDMI-A-2       1280x720  @ 60 Hz clk= 74250 flags=0x000005 
    HDMI-A-2       1280x720  @ 60 Hz clk= 74250 flags=0x100005 
    HDMI-A-2       1280x720  @ 60 Hz clk= 74176 flags=0x100005 
    HDMI-A-2       1280x720  @ 50 Hz clk= 74250 flags=0x000005 
    HDMI-A-2       1280x720  @ 50 Hz clk= 74250 flags=0x100005 
    HDMI-A-2       1280x720  @ 30 Hz clk= 74250 flags=0x100005 
    HDMI-A-2       1280x720  @ 30 Hz clk= 74176 flags=0x100005 
    HDMI-A-2       1280x720  @ 24 Hz clk= 59400 flags=0x100005 
    HDMI-A-2       1280x720  @ 24 Hz clk= 59341 flags=0x100005 
    HDMI-A-2       1024x768  @ 60 Hz clk= 65000 flags=0x00000a 
    HDMI-A-2        800x600  @ 60 Hz clk= 40000 flags=0x000005 
    HDMI-A-2        720x576  @ 50 Hz clk= 27000 flags=0x10000a 
    HDMI-A-2        720x576  @ 50 Hz clk= 27000 flags=0x08000a 
    HDMI-A-2        720x480  @ 60 Hz clk= 27027 flags=0x10000a 
    HDMI-A-2        720x480  @ 60 Hz clk= 27027 flags=0x08000a 
    HDMI-A-2        720x480  @ 60 Hz clk= 27000 flags=0x10000a 
    HDMI-A-2        720x480  @ 60 Hz clk= 27000 flags=0x08000a 
    HDMI-A-2        640x480  @ 60 Hz clk= 25200 flags=0x08000a 
    HDMI-A-2        640x480  @ 60 Hz clk= 25175 flags=0x00000a 
    HDMI-A-2        640x480  @ 60 Hz clk= 25175 flags=0x08000a 
  modes on HDMI-A-2: 30 total, 0 stereo

with STEREO_3D|ASPECT_RATIO:
  drmSetClientCap(STEREO_3D, 1) -> 0 (accepted)
  drmSetClientCap(ASPECT_RATIO, 1) -> 0 (accepted)
    HDMI-A-2       1920x1080 @ 60 Hz clk=148500 flags=0x000005 
    HDMI-A-2       1920x1080 @ 60 Hz clk=148500 flags=0x100005 
    HDMI-A-2       1920x1080 @ 60 Hz clk=148500 flags=0x11c005 top-and-bottom 
    HDMI-A-2       1920x1080 @ 60 Hz clk=148500 flags=0x120005 side-by-side half 
    HDMI-A-2       1920x1080 @ 60 Hz clk=148352 flags=0x100005 
    HDMI-A-2       1920x1080 @ 60 Hz clk=148352 flags=0x11c005 top-and-bottom 
    HDMI-A-2       1920x1080 @ 60 Hz clk=148352 flags=0x120005 side-by-side half 
    HDMI-A-2       1920x1080 @ 50 Hz clk=148500 flags=0x000005 
    HDMI-A-2       1920x1080 @ 50 Hz clk=148500 flags=0x100005 
    HDMI-A-2       1920x1080 @ 50 Hz clk=148500 flags=0x11c005 top-and-bottom 
    HDMI-A-2       1920x1080 @ 50 Hz clk=148500 flags=0x120005 side-by-side half 
    HDMI-A-2       1920x1080 @ 30 Hz clk= 74250 flags=0x100005 
    HDMI-A-2       1920x1080 @ 30 Hz clk= 74250 flags=0x104005 frame packing 
    HDMI-A-2       1920x1080 @ 30 Hz clk= 74250 flags=0x11c005 top-and-bottom 
    HDMI-A-2       1920x1080 @ 30 Hz clk= 74176 flags=0x100005 
    HDMI-A-2       1920x1080 @ 30 Hz clk= 74176 flags=0x104005 frame packing 
    HDMI-A-2       1920x1080 @ 30 Hz clk= 74176 flags=0x11c005 top-and-bottom 
    HDMI-A-2       1920x1080 @ 24 Hz clk= 74250 flags=0x100005 
    HDMI-A-2       1920x1080 @ 24 Hz clk= 74250 flags=0x11c005 top-and-bottom 
    HDMI-A-2       1920x1080 @ 24 Hz clk= 74250 flags=0x104005 frame packing 
    HDMI-A-2       1920x1080 @ 24 Hz clk= 74250 flags=0x120005 side-by-side half 
    HDMI-A-2       1920x1080 @ 24 Hz clk= 74176 flags=0x100005 
    HDMI-A-2       1920x1080 @ 24 Hz clk= 74176 flags=0x11c005 top-and-bottom 
    HDMI-A-2       1920x1080 @ 24 Hz clk= 74176 flags=0x104005 frame packing 
    HDMI-A-2       1920x1080 @ 24 Hz clk= 74176 flags=0x120005 side-by-side half 
    HDMI-A-2       1280x1024 @ 60 Hz clk=108000 flags=0x000005 
    HDMI-A-2       1280x720  @ 60 Hz clk= 74250 flags=0x000005 
    HDMI-A-2       1280x720  @ 60 Hz clk= 74250 flags=0x100005 
    HDMI-A-2       1280x720  @ 60 Hz clk= 74250 flags=0x01c005 top-and-bottom 
    HDMI-A-2       1280x720  @ 60 Hz clk= 74250 flags=0x004005 frame packing 
    HDMI-A-2       1280x720  @ 60 Hz clk= 74250 flags=0x11c005 top-and-bottom 
    HDMI-A-2       1280x720  @ 60 Hz clk= 74250 flags=0x104005 frame packing 
    HDMI-A-2       1280x720  @ 60 Hz clk= 74250 flags=0x120005 side-by-side half 
    HDMI-A-2       1280x720  @ 60 Hz clk= 74176 flags=0x100005 
    HDMI-A-2       1280x720  @ 60 Hz clk= 74176 flags=0x11c005 top-and-bottom 
    HDMI-A-2       1280x720  @ 60 Hz clk= 74176 flags=0x104005 frame packing 
    HDMI-A-2       1280x720  @ 60 Hz clk= 74176 flags=0x120005 side-by-side half 
    HDMI-A-2       1280x720  @ 50 Hz clk= 74250 flags=0x000005 
    HDMI-A-2       1280x720  @ 50 Hz clk= 74250 flags=0x100005 
    HDMI-A-2       1280x720  @ 50 Hz clk= 74250 flags=0x01c005 top-and-bottom 
    HDMI-A-2       1280x720  @ 50 Hz clk= 74250 flags=0x004005 frame packing 
    HDMI-A-2       1280x720  @ 50 Hz clk= 74250 flags=0x11c005 top-and-bottom 
    HDMI-A-2       1280x720  @ 50 Hz clk= 74250 flags=0x104005 frame packing 
    HDMI-A-2       1280x720  @ 50 Hz clk= 74250 flags=0x120005 side-by-side half 
    HDMI-A-2       1280x720  @ 30 Hz clk= 74250 flags=0x100005 
    HDMI-A-2       1280x720  @ 30 Hz clk= 74250 flags=0x104005 frame packing 
    HDMI-A-2       1280x720  @ 30 Hz clk= 74176 flags=0x100005 
    HDMI-A-2       1280x720  @ 30 Hz clk= 74176 flags=0x104005 frame packing 
    HDMI-A-2       1280x720  @ 24 Hz clk= 59400 flags=0x100005 
    HDMI-A-2       1280x720  @ 24 Hz clk= 59400 flags=0x104005 frame packing 
    HDMI-A-2       1280x720  @ 24 Hz clk= 59341 flags=0x100005 
    HDMI-A-2       1280x720  @ 24 Hz clk= 59341 flags=0x104005 frame packing 
    HDMI-A-2       1024x768  @ 60 Hz clk= 65000 flags=0x00000a 
    HDMI-A-2        800x600  @ 60 Hz clk= 40000 flags=0x000005 
    HDMI-A-2        720x576  @ 50 Hz clk= 27000 flags=0x10000a 
    HDMI-A-2        720x576  @ 50 Hz clk= 27000 flags=0x08000a 
    HDMI-A-2        720x480  @ 60 Hz clk= 27027 flags=0x10000a 
    HDMI-A-2        720x480  @ 60 Hz clk= 27027 flags=0x08000a 
    HDMI-A-2        720x480  @ 60 Hz clk= 27000 flags=0x10000a 
    HDMI-A-2        720x480  @ 60 Hz clk= 27000 flags=0x08000a 
    HDMI-A-2        640x480  @ 60 Hz clk= 25200 flags=0x08000a 
    HDMI-A-2        640x480  @ 60 Hz clk= 25175 flags=0x00000a 
    HDMI-A-2        640x480  @ 60 Hz clk= 25175 flags=0x08000a 
  modes on HDMI-A-2: 63 total, 33 stereo

verdict: the kernel DOES expose stereo mode(s) on request
(counts: none=22 stereo=51 aspect=30 both=63)
chosen connector: HDMI-A-2
--- firing the fp stereo modeset for 90s on card1 HDMI-A-2
    (Daniel: TV input for the NVIDIA card should auto-switch to 3D)
stereo mode: 1920x1080  1920x1080 @60 top-and-bottom
stereo mode: 1920x1080  1920x1080 @60 side-by-side half
stereo mode: 1920x1080  1920x1080 @60 top-and-bottom
stereo mode: 1920x1080  1920x1080 @60 side-by-side half
stereo mode: 1920x1080  1920x1080 @50 top-and-bottom
stereo mode: 1920x1080  1920x1080 @50 side-by-side half
stereo mode: 1920x1080  1920x1080 @30 frame packing
stereo mode: 1920x1080  1920x1080 @30 top-and-bottom
stereo mode: 1920x1080  1920x1080 @30 frame packing
stereo mode: 1920x1080  1920x1080 @30 top-and-bottom
stereo mode: 1920x1080  1920x1080 @24 top-and-bottom
stereo mode: 1920x1080  1920x1080 @24 frame packing
stereo mode: 1920x1080  1920x1080 @24 side-by-side half
stereo mode: 1920x1080  1920x1080 @24 top-and-bottom
stereo mode: 1920x1080  1920x1080 @24 frame packing
stereo mode: 1920x1080  1920x1080 @24 side-by-side half
stereo mode: 1280x720   1280x720 @60 top-and-bottom
stereo mode: 1280x720   1280x720 @60 frame packing
stereo mode: 1280x720   1280x720 @60 top-and-bottom
stereo mode: 1280x720   1280x720 @60 frame packing
stereo mode: 1280x720   1280x720 @60 side-by-side half
stereo mode: 1280x720   1280x720 @60 top-and-bottom
stereo mode: 1280x720   1280x720 @60 frame packing
stereo mode: 1280x720   1280x720 @60 side-by-side half
stereo mode: 1280x720   1280x720 @50 top-and-bottom
stereo mode: 1280x720   1280x720 @50 frame packing
stereo mode: 1280x720   1280x720 @50 top-and-bottom
stereo mode: 1280x720   1280x720 @50 frame packing
stereo mode: 1280x720   1280x720 @50 side-by-side half
stereo mode: 1280x720   1280x720 @30 frame packing
stereo mode: 1280x720   1280x720 @30 frame packing
stereo mode: 1280x720   1280x720 @24 frame packing
stereo mode: 1280x720   1280x720 @24 frame packing
choosing 1920x1080 1920x1080 @24 (frame packing)
scanout buffer: 1920x2205; modeset done -- TV should auto-switch now. q/ESC quits.
--- restoring nvidia stack
restarted netdata
restarted coolercontrold
restarted nvidia-persistenced
=== done 2026-09-20T21:39:01-03:00 ===
--- restoring docker stack
9782eff5cab7
eb13a26eb779
a03261ee84b7
9372e29cf766
0a30636c55d8
